MPLINK 4.49, Linker
Linker Map File - Created Thu Feb 08 18:36:53 2018

                                 Section Info
                  Section       Type    Address   Location Size(Bytes)
                ---------  ---------  ---------  ---------  ---------
                   .org_0       code   0x000000    program   0x000002
                   .cinit    romdata   0x000001    program   0x000004
                   .org_1       code   0x000004    program   0x000148
                    .code       code   0x0000a8    program   0x000468
      .config_2007_SCPA.O       code   0x002007    program   0x000002
      .config_2008_SCPA.O       code   0x002008    program   0x000002
                   .udata      udata   0x000020       data   0x000038
               .udata_ovr      udata   0x000058       data   0x000005



                              Program Memory Usage 
                               Start         End      
                           ---------   ---------      
                            0x000000    0x000002      
                            0x000004    0x0002db      
                            0x002007    0x002008      
            733 out of 8455 program addresses used, program memory utilization is 8%



                              Symbols - Sorted by Name
                     Name    Address   Location    Storage File                     
                ---------  ---------  ---------  --------- ---------                
         ASCII_to_LCDcode   0x000223    program     static C:\picmicro\ScaleConnect\SCplatform_auto\TM1621LCD.asm
                 BIAS_1_3   0x0001e4    program     static C:\picmicro\ScaleConnect\SCplatform_auto\TM1621LCD.asm
                  COMMAND   0x00019c    program     static C:\picmicro\ScaleConnect\SCplatform_auto\TM1621LCD.asm
     Convert_ASCII_to_LCD   0x000149    program     static C:\picmicro\ScaleConnect\SCplatform_auto\TM1621LCD.asm
              Data_to_LCD   0x0000ec    program     extern C:\picmicro\ScaleConnect\SCplatform_auto\TM1621LCD.asm
         LCD_Data_Capture   0x000005    program     static C:\picmicro\ScaleConnect\SCplatform_auto\TM1621Capture.inc
       LCD_Data_Duplicate   0x0000c5    program     extern C:\picmicro\ScaleConnect\SCplatform_auto\TM1621LCD.asm
       LCD_Data_Recognize   0x0002d1    program     extern C:\picmicro\ScaleConnect\SCplatform_auto\TM1621Recognize.asm
                  LCD_OFF   0x0001f7    program     extern C:\picmicro\ScaleConnect\SCplatform_auto\TM1621LCD.asm
                   LCD_ON   0x00020d    program     extern C:\picmicro\ScaleConnect\SCplatform_auto\TM1621LCD.asm
                 PrintMsg   0x000164    program     extern C:\picmicro\ScaleConnect\SCplatform_auto\TM1621LCD.asm
                PrintSimb   0x000118    program     extern C:\picmicro\ScaleConnect\SCplatform_auto\TM1621LCD.asm
                  RC_256K   0x0001d1    program     static C:\picmicro\ScaleConnect\SCplatform_auto\TM1621LCD.asm
                SET_BANK0   0x000038    program     static C:\picmicro\ScaleConnect\SCplatform_auto\TM1621Capture.inc
                  SET_ONE   0x00017c    program     static C:\picmicro\ScaleConnect\SCplatform_auto\TM1621LCD.asm
                 SET_ZERO   0x000168    program     static C:\picmicro\ScaleConnect\SCplatform_auto\TM1621LCD.asm
                   SYS_EN   0x0001bc    program     static C:\picmicro\ScaleConnect\SCplatform_auto\TM1621LCD.asm
                  TNORMAL   0x0001af    program     static C:\picmicro\ScaleConnect\SCplatform_auto\TM1621LCD.asm
                   TONE4K   0x0001a2    program     static C:\picmicro\ScaleConnect\SCplatform_auto\TM1621LCD.asm
                    WRITE   0x000190    program     static C:\picmicro\ScaleConnect\SCplatform_auto\TM1621LCD.asm
              _.code_002C   0x0000d4    program     static C:\picmicro\ScaleConnect\SCplatform_auto\TM1621LCD.asm
              _.code_006B   0x000113    program     static C:\picmicro\ScaleConnect\SCplatform_auto\TM1621LCD.asm
              _.code_0073   0x00011b    program     static C:\picmicro\ScaleConnect\SCplatform_auto\TM1621LCD.asm
              _.code_009A   0x000142    program     static C:\picmicro\ScaleConnect\SCplatform_auto\TM1621LCD.asm
              _.code_00AE   0x000156    program     static C:\picmicro\ScaleConnect\SCplatform_auto\TM1621LCD.asm
              _.code_00C8   0x000170    program     static C:\picmicro\ScaleConnect\SCplatform_auto\TM1621LCD.asm
              _.code_00D1   0x000179    program     static C:\picmicro\ScaleConnect\SCplatform_auto\TM1621LCD.asm
              _.code_00DC   0x000184    program     static C:\picmicro\ScaleConnect\SCplatform_auto\TM1621LCD.asm
              _.code_00E5   0x00018d    program     static C:\picmicro\ScaleConnect\SCplatform_auto\TM1621LCD.asm
              _.code_00EE   0x000196    program     static C:\picmicro\ScaleConnect\SCplatform_auto\TM1621LCD.asm
              _.code_0126   0x0001ce    program     static C:\picmicro\ScaleConnect\SCplatform_auto\TM1621LCD.asm
              _.code_0139   0x0001e1    program     static C:\picmicro\ScaleConnect\SCplatform_auto\TM1621LCD.asm
              _.code_014C   0x0001f4    program     static C:\picmicro\ScaleConnect\SCplatform_auto\TM1621LCD.asm
              _.code_0162   0x00020a    program     static C:\picmicro\ScaleConnect\SCplatform_auto\TM1621LCD.asm
              _.code_0178   0x000220    program     static C:\picmicro\ScaleConnect\SCplatform_auto\TM1621LCD.asm
             _.org_1_0036   0x000036    program     static C:\picmicro\ScaleConnect\SCplatform_auto\TM1621Capture.inc
             _.org_1_004E   0x00004e    program     static C:\picmicro\ScaleConnect\SCplatform_auto\SCpa.asm
             _.org_1_0079   0x000079    program     static C:\picmicro\ScaleConnect\SCplatform_auto\SCpa.asm
             _.org_1_007C   0x00007c    program     static C:\picmicro\ScaleConnect\SCplatform_auto\SCpa.asm
             _.org_1_00A7   0x0000a7    program     static C:\picmicro\ScaleConnect\SCplatform_auto\SCpa.asm
                  cicle70   0x0002a2    program     static C:\picmicro\ScaleConnect\SCplatform_auto\pauses_20MHz.asm
                  cicle71   0x0002a0    program     static C:\picmicro\ScaleConnect\SCplatform_auto\pauses_20MHz.asm
                  cicle72   0x00029e    program     static C:\picmicro\ScaleConnect\SCplatform_auto\pauses_20MHz.asm
                  cicle80   0x0002b1    program     static C:\picmicro\ScaleConnect\SCplatform_auto\pauses_20MHz.asm
                  cicle81   0x0002af    program     static C:\picmicro\ScaleConnect\SCplatform_auto\pauses_20MHz.asm
                  cicle82   0x0002ad    program     static C:\picmicro\ScaleConnect\SCplatform_auto\pauses_20MHz.asm
                  cicle90   0x0002c0    program     static C:\picmicro\ScaleConnect\SCplatform_auto\pauses_20MHz.asm
                  cicle91   0x0002be    program     static C:\picmicro\ScaleConnect\SCplatform_auto\pauses_20MHz.asm
                  cicle92   0x0002bc    program     static C:\picmicro\ScaleConnect\SCplatform_auto\pauses_20MHz.asm
                clr_bufer   0x000039    program     static C:\picmicro\ScaleConnect\SCplatform_auto\TM1621ClrBuf.inc
                 exit_int   0x000033    program     static C:\picmicro\ScaleConnect\SCplatform_auto\TM1621Capture.inc
                   initMC   0x00007d    program     static C:\picmicro\ScaleConnect\SCplatform_auto\initMC.inc
                 init_LCD   0x0000a8    program     extern C:\picmicro\ScaleConnect\SCplatform_auto\TM1621LCD.asm
                nextASCII   0x000150    program     static C:\picmicro\ScaleConnect\SCplatform_auto\TM1621LCD.asm
                next_dupl   0x0000e5    program     static C:\picmicro\ScaleConnect\SCplatform_auto\TM1621LCD.asm
            next_dupl_bit   0x0000da    program     static C:\picmicro\ScaleConnect\SCplatform_auto\TM1621LCD.asm
           next_dupl_byte   0x0000d8    program     static C:\picmicro\ScaleConnect\SCplatform_auto\TM1621LCD.asm
             next_lcd_bit   0x000007    program     static C:\picmicro\ScaleConnect\SCplatform_auto\TM1621Capture.inc
            next_lcd_byte   0x000005    program     static C:\picmicro\ScaleConnect\SCplatform_auto\TM1621Capture.inc
                  not_137   0x0002db    program     static C:\picmicro\ScaleConnect\SCplatform_auto\TM1621Recognize.asm
                pause_05s   0x0002b8    program     extern C:\picmicro\ScaleConnect\SCplatform_auto\pauses_20MHz.asm
                 pause_1s   0x0002a9    program     extern C:\picmicro\ScaleConnect\SCplatform_auto\pauses_20MHz.asm
                pause_3us   0x0002cc    program     extern C:\picmicro\ScaleConnect\SCplatform_auto\pauses_20MHz.asm
                 pause_5s   0x00029a    program     extern C:\picmicro\ScaleConnect\SCplatform_auto\pauses_20MHz.asm
                pause_5us   0x0002c7    program     extern C:\picmicro\ScaleConnect\SCplatform_auto\pauses_20MHz.asm
             pause_cicle3   0x0002ce    program     static C:\picmicro\ScaleConnect\SCplatform_auto\pauses_20MHz.asm
             pause_cicle5   0x0002c9    program     static C:\picmicro\ScaleConnect\SCplatform_auto\pauses_20MHz.asm
            send_next_bit   0x0000ff    program     static C:\picmicro\ScaleConnect\SCplatform_auto\TM1621LCD.asm
           send_next_bit2   0x00012c    program     static C:\picmicro\ScaleConnect\SCplatform_auto\TM1621LCD.asm
           send_next_bit3   0x000134    program     static C:\picmicro\ScaleConnect\SCplatform_auto\TM1621LCD.asm
           send_next_byte   0x0000fb    program     static C:\picmicro\ScaleConnect\SCplatform_auto\TM1621LCD.asm
                send_zero   0x000116    program     static C:\picmicro\ScaleConnect\SCplatform_auto\TM1621LCD.asm
               send_zero2   0x000145    program     static C:\picmicro\ScaleConnect\SCplatform_auto\TM1621LCD.asm
               send_zero3   0x000147    program     static C:\picmicro\ScaleConnect\SCplatform_auto\TM1621LCD.asm
              send_zero_1   0x0001c1    program     static C:\picmicro\ScaleConnect\SCplatform_auto\TM1621LCD.asm
              send_zero_2   0x0001fc    program     static C:\picmicro\ScaleConnect\SCplatform_auto\TM1621LCD.asm
              send_zero_3   0x000212    program     static C:\picmicro\ScaleConnect\SCplatform_auto\TM1621LCD.asm
              send_zero_4   0x0000f4    program     static C:\picmicro\ScaleConnect\SCplatform_auto\TM1621LCD.asm
                shift_bit   0x000102    program     static C:\picmicro\ScaleConnect\SCplatform_auto\TM1621LCD.asm
               shift_bit2   0x00012f    program     static C:\picmicro\ScaleConnect\SCplatform_auto\TM1621LCD.asm
               shift_bit3   0x000137    program     static C:\picmicro\ScaleConnect\SCplatform_auto\TM1621LCD.asm
                    start   0x000042    program     static C:\picmicro\ScaleConnect\SCplatform_auto\SCpa.asm
                temp_exit   0x00002f    program     static C:\picmicro\ScaleConnect\SCplatform_auto\TM1621Capture.inc
            test_dupl_bit   0x0000dd    program     static C:\picmicro\ScaleConnect\SCplatform_auto\TM1621LCD.asm
           test_lcd_bytes   0x00001b    program     static C:\picmicro\ScaleConnect\SCplatform_auto\TM1621Capture.inc
                 wait_WR0   0x000007    program     static C:\picmicro\ScaleConnect\SCplatform_auto\TM1621Capture.inc
                 wait_WR1   0x00000b    program     static C:\picmicro\ScaleConnect\SCplatform_auto\TM1621Capture.inc
                zero_dupl   0x0000ea    program     static C:\picmicro\ScaleConnect\SCplatform_auto\TM1621LCD.asm
                ASCII_buf   0x00005c       data     static C:\picmicro\ScaleConnect\SCplatform_auto\TM1621LCD.asm
             Display_Data   0x000036       data     extern C:\picmicro\ScaleConnect\SCplatform_auto\TM1621LCD.asm
                LCD_bufer   0x000020       data     extern C:\picmicro\ScaleConnect\SCplatform_auto\SCpa.asm
               bit_buffer   0x000033       data     static C:\picmicro\ScaleConnect\SCplatform_auto\SCpa.asm
                 buf_temp   0x000059       data     static C:\picmicro\ScaleConnect\SCplatform_auto\TM1621LCD.asm
              bufer_count   0x000032       data     extern C:\picmicro\ScaleConnect\SCplatform_auto\SCpa.asm
              byte_buffer   0x000034       data     static C:\picmicro\ScaleConnect\SCplatform_auto\SCpa.asm
                   counta   0x000058       data     static C:\picmicro\ScaleConnect\SCplatform_auto\pauses_20MHz.asm
                   countb   0x000059       data     static C:\picmicro\ScaleConnect\SCplatform_auto\pauses_20MHz.asm
                   countc   0x00005a       data     static C:\picmicro\ScaleConnect\SCplatform_auto\pauses_20MHz.asm
                  counter   0x00005a       data     static C:\picmicro\ScaleConnect\SCplatform_auto\TM1621LCD.asm
                     koma   0x000056       data     extern C:\picmicro\ScaleConnect\SCplatform_auto\TM1621Recognize.asm
                       m5   0x00005b       data     static C:\picmicro\ScaleConnect\SCplatform_auto\pauses_20MHz.asm
                   seg1_1   0x000046       data     extern C:\picmicro\ScaleConnect\SCplatform_auto\TM1621Recognize.asm
                   seg1_2   0x000047       data     extern C:\picmicro\ScaleConnect\SCplatform_auto\TM1621Recognize.asm
                   seg1_3   0x000048       data     extern C:\picmicro\ScaleConnect\SCplatform_auto\TM1621Recognize.asm
                   seg1_4   0x000049       data     extern C:\picmicro\ScaleConnect\SCplatform_auto\TM1621Recognize.asm
                   seg1_5   0x00004a       data     extern C:\picmicro\ScaleConnect\SCplatform_auto\TM1621Recognize.asm
                   seg2_1   0x00004b       data     extern C:\picmicro\ScaleConnect\SCplatform_auto\TM1621Recognize.asm
                   seg2_2   0x00004c       data     extern C:\picmicro\ScaleConnect\SCplatform_auto\TM1621Recognize.asm
                   seg2_3   0x00004d       data     extern C:\picmicro\ScaleConnect\SCplatform_auto\TM1621Recognize.asm
                   seg2_4   0x00004e       data     extern C:\picmicro\ScaleConnect\SCplatform_auto\TM1621Recognize.asm
                   seg2_5   0x00004f       data     extern C:\picmicro\ScaleConnect\SCplatform_auto\TM1621Recognize.asm
                   seg3_1   0x000050       data     extern C:\picmicro\ScaleConnect\SCplatform_auto\TM1621Recognize.asm
                   seg3_2   0x000051       data     extern C:\picmicro\ScaleConnect\SCplatform_auto\TM1621Recognize.asm
                   seg3_3   0x000052       data     extern C:\picmicro\ScaleConnect\SCplatform_auto\TM1621Recognize.asm
                   seg3_4   0x000053       data     extern C:\picmicro\ScaleConnect\SCplatform_auto\TM1621Recognize.asm
                   seg3_5   0x000054       data     extern C:\picmicro\ScaleConnect\SCplatform_auto\TM1621Recognize.asm
                   seg3_6   0x000055       data     extern C:\picmicro\ScaleConnect\SCplatform_auto\TM1621Recognize.asm
                 simb_pos   0x000035       data     extern C:\picmicro\ScaleConnect\SCplatform_auto\TM1621LCD.asm
                simb_temp   0x00005b       data     static C:\picmicro\ScaleConnect\SCplatform_auto\TM1621LCD.asm
                     temp   0x000058       data     static C:\picmicro\ScaleConnect\SCplatform_auto\TM1621LCD.asm



                              Symbols - Sorted by Address
                     Name    Address   Location    Storage File                     
                ---------  ---------  ---------  --------- ---------                
         LCD_Data_Capture   0x000005    program     static C:\picmicro\ScaleConnect\SCplatform_auto\TM1621Capture.inc
            next_lcd_byte   0x000005    program     static C:\picmicro\ScaleConnect\SCplatform_auto\TM1621Capture.inc
                 wait_WR0   0x000007    program     static C:\picmicro\ScaleConnect\SCplatform_auto\TM1621Capture.inc
             next_lcd_bit   0x000007    program     static C:\picmicro\ScaleConnect\SCplatform_auto\TM1621Capture.inc
                 wait_WR1   0x00000b    program     static C:\picmicro\ScaleConnect\SCplatform_auto\TM1621Capture.inc
           test_lcd_bytes   0x00001b    program     static C:\picmicro\ScaleConnect\SCplatform_auto\TM1621Capture.inc
                temp_exit   0x00002f    program     static C:\picmicro\ScaleConnect\SCplatform_auto\TM1621Capture.inc
                 exit_int   0x000033    program     static C:\picmicro\ScaleConnect\SCplatform_auto\TM1621Capture.inc
             _.org_1_0036   0x000036    program     static C:\picmicro\ScaleConnect\SCplatform_auto\TM1621Capture.inc
                SET_BANK0   0x000038    program     static C:\picmicro\ScaleConnect\SCplatform_auto\TM1621Capture.inc
                clr_bufer   0x000039    program     static C:\picmicro\ScaleConnect\SCplatform_auto\TM1621ClrBuf.inc
                    start   0x000042    program     static C:\picmicro\ScaleConnect\SCplatform_auto\SCpa.asm
             _.org_1_004E   0x00004e    program     static C:\picmicro\ScaleConnect\SCplatform_auto\SCpa.asm
             _.org_1_0079   0x000079    program     static C:\picmicro\ScaleConnect\SCplatform_auto\SCpa.asm
             _.org_1_007C   0x00007c    program     static C:\picmicro\ScaleConnect\SCplatform_auto\SCpa.asm
                   initMC   0x00007d    program     static C:\picmicro\ScaleConnect\SCplatform_auto\initMC.inc
             _.org_1_00A7   0x0000a7    program     static C:\picmicro\ScaleConnect\SCplatform_auto\SCpa.asm
                 init_LCD   0x0000a8    program     extern C:\picmicro\ScaleConnect\SCplatform_auto\TM1621LCD.asm
       LCD_Data_Duplicate   0x0000c5    program     extern C:\picmicro\ScaleConnect\SCplatform_auto\TM1621LCD.asm
              _.code_002C   0x0000d4    program     static C:\picmicro\ScaleConnect\SCplatform_auto\TM1621LCD.asm
           next_dupl_byte   0x0000d8    program     static C:\picmicro\ScaleConnect\SCplatform_auto\TM1621LCD.asm
            next_dupl_bit   0x0000da    program     static C:\picmicro\ScaleConnect\SCplatform_auto\TM1621LCD.asm
            test_dupl_bit   0x0000dd    program     static C:\picmicro\ScaleConnect\SCplatform_auto\TM1621LCD.asm
                next_dupl   0x0000e5    program     static C:\picmicro\ScaleConnect\SCplatform_auto\TM1621LCD.asm
                zero_dupl   0x0000ea    program     static C:\picmicro\ScaleConnect\SCplatform_auto\TM1621LCD.asm
              Data_to_LCD   0x0000ec    program     extern C:\picmicro\ScaleConnect\SCplatform_auto\TM1621LCD.asm
              send_zero_4   0x0000f4    program     static C:\picmicro\ScaleConnect\SCplatform_auto\TM1621LCD.asm
           send_next_byte   0x0000fb    program     static C:\picmicro\ScaleConnect\SCplatform_auto\TM1621LCD.asm
            send_next_bit   0x0000ff    program     static C:\picmicro\ScaleConnect\SCplatform_auto\TM1621LCD.asm
                shift_bit   0x000102    program     static C:\picmicro\ScaleConnect\SCplatform_auto\TM1621LCD.asm
              _.code_006B   0x000113    program     static C:\picmicro\ScaleConnect\SCplatform_auto\TM1621LCD.asm
                send_zero   0x000116    program     static C:\picmicro\ScaleConnect\SCplatform_auto\TM1621LCD.asm
                PrintSimb   0x000118    program     extern C:\picmicro\ScaleConnect\SCplatform_auto\TM1621LCD.asm
              _.code_0073   0x00011b    program     static C:\picmicro\ScaleConnect\SCplatform_auto\TM1621LCD.asm
           send_next_bit2   0x00012c    program     static C:\picmicro\ScaleConnect\SCplatform_auto\TM1621LCD.asm
               shift_bit2   0x00012f    program     static C:\picmicro\ScaleConnect\SCplatform_auto\TM1621LCD.asm
           send_next_bit3   0x000134    program     static C:\picmicro\ScaleConnect\SCplatform_auto\TM1621LCD.asm
               shift_bit3   0x000137    program     static C:\picmicro\ScaleConnect\SCplatform_auto\TM1621LCD.asm
              _.code_009A   0x000142    program     static C:\picmicro\ScaleConnect\SCplatform_auto\TM1621LCD.asm
               send_zero2   0x000145    program     static C:\picmicro\ScaleConnect\SCplatform_auto\TM1621LCD.asm
               send_zero3   0x000147    program     static C:\picmicro\ScaleConnect\SCplatform_auto\TM1621LCD.asm
     Convert_ASCII_to_LCD   0x000149    program     static C:\picmicro\ScaleConnect\SCplatform_auto\TM1621LCD.asm
                nextASCII   0x000150    program     static C:\picmicro\ScaleConnect\SCplatform_auto\TM1621LCD.asm
              _.code_00AE   0x000156    program     static C:\picmicro\ScaleConnect\SCplatform_auto\TM1621LCD.asm
                 PrintMsg   0x000164    program     extern C:\picmicro\ScaleConnect\SCplatform_auto\TM1621LCD.asm
                 SET_ZERO   0x000168    program     static C:\picmicro\ScaleConnect\SCplatform_auto\TM1621LCD.asm
              _.code_00C8   0x000170    program     static C:\picmicro\ScaleConnect\SCplatform_auto\TM1621LCD.asm
              _.code_00D1   0x000179    program     static C:\picmicro\ScaleConnect\SCplatform_auto\TM1621LCD.asm
                  SET_ONE   0x00017c    program     static C:\picmicro\ScaleConnect\SCplatform_auto\TM1621LCD.asm
              _.code_00DC   0x000184    program     static C:\picmicro\ScaleConnect\SCplatform_auto\TM1621LCD.asm
              _.code_00E5   0x00018d    program     static C:\picmicro\ScaleConnect\SCplatform_auto\TM1621LCD.asm
                    WRITE   0x000190    program     static C:\picmicro\ScaleConnect\SCplatform_auto\TM1621LCD.asm
              _.code_00EE   0x000196    program     static C:\picmicro\ScaleConnect\SCplatform_auto\TM1621LCD.asm
                  COMMAND   0x00019c    program     static C:\picmicro\ScaleConnect\SCplatform_auto\TM1621LCD.asm
                   TONE4K   0x0001a2    program     static C:\picmicro\ScaleConnect\SCplatform_auto\TM1621LCD.asm
                  TNORMAL   0x0001af    program     static C:\picmicro\ScaleConnect\SCplatform_auto\TM1621LCD.asm
                   SYS_EN   0x0001bc    program     static C:\picmicro\ScaleConnect\SCplatform_auto\TM1621LCD.asm
              send_zero_1   0x0001c1    program     static C:\picmicro\ScaleConnect\SCplatform_auto\TM1621LCD.asm
              _.code_0126   0x0001ce    program     static C:\picmicro\ScaleConnect\SCplatform_auto\TM1621LCD.asm
                  RC_256K   0x0001d1    program     static C:\picmicro\ScaleConnect\SCplatform_auto\TM1621LCD.asm
              _.code_0139   0x0001e1    program     static C:\picmicro\ScaleConnect\SCplatform_auto\TM1621LCD.asm
                 BIAS_1_3   0x0001e4    program     static C:\picmicro\ScaleConnect\SCplatform_auto\TM1621LCD.asm
              _.code_014C   0x0001f4    program     static C:\picmicro\ScaleConnect\SCplatform_auto\TM1621LCD.asm
                  LCD_OFF   0x0001f7    program     extern C:\picmicro\ScaleConnect\SCplatform_auto\TM1621LCD.asm
              send_zero_2   0x0001fc    program     static C:\picmicro\ScaleConnect\SCplatform_auto\TM1621LCD.asm
              _.code_0162   0x00020a    program     static C:\picmicro\ScaleConnect\SCplatform_auto\TM1621LCD.asm
                   LCD_ON   0x00020d    program     extern C:\picmicro\ScaleConnect\SCplatform_auto\TM1621LCD.asm
              send_zero_3   0x000212    program     static C:\picmicro\ScaleConnect\SCplatform_auto\TM1621LCD.asm
              _.code_0178   0x000220    program     static C:\picmicro\ScaleConnect\SCplatform_auto\TM1621LCD.asm
         ASCII_to_LCDcode   0x000223    program     static C:\picmicro\ScaleConnect\SCplatform_auto\TM1621LCD.asm
                 pause_5s   0x00029a    program     extern C:\picmicro\ScaleConnect\SCplatform_auto\pauses_20MHz.asm
                  cicle72   0x00029e    program     static C:\picmicro\ScaleConnect\SCplatform_auto\pauses_20MHz.asm
                  cicle71   0x0002a0    program     static C:\picmicro\ScaleConnect\SCplatform_auto\pauses_20MHz.asm
                  cicle70   0x0002a2    program     static C:\picmicro\ScaleConnect\SCplatform_auto\pauses_20MHz.asm
                 pause_1s   0x0002a9    program     extern C:\picmicro\ScaleConnect\SCplatform_auto\pauses_20MHz.asm
                  cicle82   0x0002ad    program     static C:\picmicro\ScaleConnect\SCplatform_auto\pauses_20MHz.asm
                  cicle81   0x0002af    program     static C:\picmicro\ScaleConnect\SCplatform_auto\pauses_20MHz.asm
                  cicle80   0x0002b1    program     static C:\picmicro\ScaleConnect\SCplatform_auto\pauses_20MHz.asm
                pause_05s   0x0002b8    program     extern C:\picmicro\ScaleConnect\SCplatform_auto\pauses_20MHz.asm
                  cicle92   0x0002bc    program     static C:\picmicro\ScaleConnect\SCplatform_auto\pauses_20MHz.asm
                  cicle91   0x0002be    program     static C:\picmicro\ScaleConnect\SCplatform_auto\pauses_20MHz.asm
                  cicle90   0x0002c0    program     static C:\picmicro\ScaleConnect\SCplatform_auto\pauses_20MHz.asm
                pause_5us   0x0002c7    program     extern C:\picmicro\ScaleConnect\SCplatform_auto\pauses_20MHz.asm
             pause_cicle5   0x0002c9    program     static C:\picmicro\ScaleConnect\SCplatform_auto\pauses_20MHz.asm
                pause_3us   0x0002cc    program     extern C:\picmicro\ScaleConnect\SCplatform_auto\pauses_20MHz.asm
             pause_cicle3   0x0002ce    program     static C:\picmicro\ScaleConnect\SCplatform_auto\pauses_20MHz.asm
       LCD_Data_Recognize   0x0002d1    program     extern C:\picmicro\ScaleConnect\SCplatform_auto\TM1621Recognize.asm
                  not_137   0x0002db    program     static C:\picmicro\ScaleConnect\SCplatform_auto\TM1621Recognize.asm
                LCD_bufer   0x000020       data     extern C:\picmicro\ScaleConnect\SCplatform_auto\SCpa.asm
              bufer_count   0x000032       data     extern C:\picmicro\ScaleConnect\SCplatform_auto\SCpa.asm
               bit_buffer   0x000033       data     static C:\picmicro\ScaleConnect\SCplatform_auto\SCpa.asm
              byte_buffer   0x000034       data     static C:\picmicro\ScaleConnect\SCplatform_auto\SCpa.asm
                 simb_pos   0x000035       data     extern C:\picmicro\ScaleConnect\SCplatform_auto\TM1621LCD.asm
             Display_Data   0x000036       data     extern C:\picmicro\ScaleConnect\SCplatform_auto\TM1621LCD.asm
                   seg1_1   0x000046       data     extern C:\picmicro\ScaleConnect\SCplatform_auto\TM1621Recognize.asm
                   seg1_2   0x000047       data     extern C:\picmicro\ScaleConnect\SCplatform_auto\TM1621Recognize.asm
                   seg1_3   0x000048       data     extern C:\picmicro\ScaleConnect\SCplatform_auto\TM1621Recognize.asm
                   seg1_4   0x000049       data     extern C:\picmicro\ScaleConnect\SCplatform_auto\TM1621Recognize.asm
                   seg1_5   0x00004a       data     extern C:\picmicro\ScaleConnect\SCplatform_auto\TM1621Recognize.asm
                   seg2_1   0x00004b       data     extern C:\picmicro\ScaleConnect\SCplatform_auto\TM1621Recognize.asm
                   seg2_2   0x00004c       data     extern C:\picmicro\ScaleConnect\SCplatform_auto\TM1621Recognize.asm
                   seg2_3   0x00004d       data     extern C:\picmicro\ScaleConnect\SCplatform_auto\TM1621Recognize.asm
                   seg2_4   0x00004e       data     extern C:\picmicro\ScaleConnect\SCplatform_auto\TM1621Recognize.asm
                   seg2_5   0x00004f       data     extern C:\picmicro\ScaleConnect\SCplatform_auto\TM1621Recognize.asm
                   seg3_1   0x000050       data     extern C:\picmicro\ScaleConnect\SCplatform_auto\TM1621Recognize.asm
                   seg3_2   0x000051       data     extern C:\picmicro\ScaleConnect\SCplatform_auto\TM1621Recognize.asm
                   seg3_3   0x000052       data     extern C:\picmicro\ScaleConnect\SCplatform_auto\TM1621Recognize.asm
                   seg3_4   0x000053       data     extern C:\picmicro\ScaleConnect\SCplatform_auto\TM1621Recognize.asm
                   seg3_5   0x000054       data     extern C:\picmicro\ScaleConnect\SCplatform_auto\TM1621Recognize.asm
                   seg3_6   0x000055       data     extern C:\picmicro\ScaleConnect\SCplatform_auto\TM1621Recognize.asm
                     koma   0x000056       data     extern C:\picmicro\ScaleConnect\SCplatform_auto\TM1621Recognize.asm
                     temp   0x000058       data     static C:\picmicro\ScaleConnect\SCplatform_auto\TM1621LCD.asm
                   counta   0x000058       data     static C:\picmicro\ScaleConnect\SCplatform_auto\pauses_20MHz.asm
                   countb   0x000059       data     static C:\picmicro\ScaleConnect\SCplatform_auto\pauses_20MHz.asm
                 buf_temp   0x000059       data     static C:\picmicro\ScaleConnect\SCplatform_auto\TM1621LCD.asm
                  counter   0x00005a       data     static C:\picmicro\ScaleConnect\SCplatform_auto\TM1621LCD.asm
                   countc   0x00005a       data     static C:\picmicro\ScaleConnect\SCplatform_auto\pauses_20MHz.asm
                       m5   0x00005b       data     static C:\picmicro\ScaleConnect\SCplatform_auto\pauses_20MHz.asm
                simb_temp   0x00005b       data     static C:\picmicro\ScaleConnect\SCplatform_auto\TM1621LCD.asm
                ASCII_buf   0x00005c       data     static C:\picmicro\ScaleConnect\SCplatform_auto\TM1621LCD.asm


