MPASM  5.51                     TM1621LCD.ASM   2-8-2018  18:36:49         PAGE  1


LOC  OBJECT CODE     LINE SOURCE TEXT
  VALUE

                      00001         list p=16f887
                      00002         include <p16f887.inc>
                      00001         LIST
                      00002 
                      00003 ;==========================================================================
                      00004 ;  MPASM PIC16F887 processor include
                      00005 ; 
                      00006 ;  (c) Copyright 1999-2013 Microchip Technology, All rights reserved
                      00007 ;==========================================================================
                      00008 
                      00809         LIST
  0000                00003         extern pause_5us, pause_3us ;<pauses_20MHz.asm> 
  0000                00004         global simb_pos, Display_Data
  0000                00005         global init_LCD, LCD_Data_Duplicate, Data_to_LCD
  0000                00006         global LCD_ON, LCD_OFF, PrintSimb, PrintMsg
                      00007 
                      00008         #define CS PORTB,4
                      00009         #define WR PORTB,5
                      00010         #define DATA_PIN PORTB,7
                      00011 
                      00012 ;коды дисплея
                      00013         include <TM1621.inc>
                      00001 ;-----таблица соответсвия символов чтобы легко было менять для других индикаторов------------
  0000007D            00002 simb0 equ 0x7D ;код символа "0"
  00000060            00003 simb1 equ 0x60 ;код символа "1" 
  0000003E            00004 simb2 equ 0x3E ;код символа "2"
  0000007A            00005 simb3 equ 0x7A ;код символа "3"
  00000063            00006 simb4 equ 0x63 ;код символа "4"
  0000005B            00007 simb5 equ 0x5B ;код символа "5","S"
  0000005F            00008 simb6 equ 0x5F ;код символа "6"
  00000070            00009 simb7 equ 0x70 ;код символа "7"
  0000007F            00010 simb8 equ 0x7F ;код символа "8"
  0000007B            00011 simb9 equ 0x7B ;код символа "9"
  000000FD            00012 simb0_ equ 0xFD ;код символа ".0"
  000000E0            00013 simb1_ equ 0xE0 ;код символа ".1"
  000000BE            00014 simb2_ equ 0xBE ;код символа ".2"
  000000FA            00015 simb3_ equ 0xFA ;код символа ".3"
  000000E3            00016 simb4_ equ 0xE3 ;код символа ".4"
  000000DB            00017 simb5_ equ 0xDB ;код символа ".5"
  000000DF            00018 simb6_ equ 0xDF ;код символа ".6"
  000000F0            00019 simb7_ equ 0xF0 ;код символа ".7"
  000000FF            00020 simb8_ equ 0xFF ;код символа ".8"
  000000FB            00021 simb9_ equ 0xFB ;код символа ".9"
  00000077            00022 simbA equ 0x77 ;код символа "A"
  0000004F            00023 simbb equ 0x4F ;код символа "b"
  0000001D            00024 simbC equ 0x1D ;код символа "C"
  0000006E            00025 simbd equ 0x6E ;код символа "d"
  0000001F            00026 simbE equ 0x1F ;код символа "E"
  00000017            00027 simbF equ 0x17 ;код символа "F"
  0000005D            00028 simbG equ 0x5D ;код символа "G"
  00000067            00029 simbH equ 0x67 ;код символа "H"
  0000006C            00030 simbJ equ 0x6C ;код символа "J"
  0000000D            00031 simbL equ 0x0D ;код символа "L"
MPASM  5.51                     TM1621LCD.ASM   2-8-2018  18:36:49         PAGE  2


LOC  OBJECT CODE     LINE SOURCE TEXT
  VALUE

  00000046            00032 simbn equ 0x46 ;код символа "n"
  00000037            00033 simbP equ 0x37 ;код символа "P"
  00000006            00034 simbr equ 0x06 ;код символа "r"
  0000000F            00035 simbt equ 0x0F ;код символа "t"
  0000006D            00036 simbU equ 0x6D ;код символа "U"
  00000002            00037 simbmin equ 0x02 ;код символа "минус"
  00000000            00038 empty equ 0x00 ;код символа "пусто"
                      00014 
  0000                00015         extern LCD_bufer
                      00016         udata
0000                  00017 simb_pos        res 1
0001                  00018 Display_Data res .16 ;область содержащая коды для вывода на экран
                      00019         udata_ovr
0000                  00020 temp            res 1
0001                  00021 buf_temp        res 1
0002                  00022 counter         res 1
0003                  00023 simb_temp       res 1
0004                  00024 ASCII_buf       res 1
                      00025 ;------------------------------------------------------------------------------
                      00026 ;макросы
                      00027 ;-----------------------------------------------------------------
                      00028 ;установка банка 0
                      00029 SET_BANK0 MACRO 
                      00030         bcf STATUS, RP0
                      00031         bcf STATUS, RP1 
                      00032         ENDM
                      00033 ;---------------------------------------------------------------------
                      00034         code
                      00035 ;-----------------------------------------------------------------------
0000                  00036 init_LCD;инициализация дисплея
                      00037         SET_BANK0
0000   1283               M         bcf STATUS, RP0
0001   1303               M         bcf STATUS, RP1 
0002   1606           00038         bsf CS
0003   1286           00039         bcf WR
0004   ???? ???? 2??? 00040         lcall pause_5us 
0007   ???? ???? 2??? 00041         lcall SYS_EN ;команда SYS EN согласно документации на драйвер 100 000000011
000A   ???? ???? 2??? 00042         lcall RC_256K ;команда RC_256K согласно документации на драйвер 100 000110000
000D   ???? ???? 2??? 00043         lcall BIAS_1_3 ;команда BIAS ab=10:4 LCD 1/3 согласно документации на драйвер 100 001010011
0010   ???? ???? 2??? 00044         lcall LCD_OFF ;команда LCD OFF согласно документации на драйвер 100 000000100
0013   ???? ???? 2??? 00045         lcall TONE4K
0016   ???? ???? 2??? 00046         lcall TNORMAL
0019   ???? ???? 2??? 00047         lcall LCD_ON ;команда LCD ON согласно документации на драйвер 100 000000111
001C   0008           00048         return
                      00049 ;-------------------------------------------------------------------------
                      00050 ;LCD_Data_Duplicate(lcd_data_addr)
                      00051 ;lcd_data_addr - адрес ячейки начиная с которой располагается буфер считанных с весов данных 
                      00052 ;lcd_data_addr перед вызовом процедуры записывается в аккумулятор
001D                  00053 LCD_Data_Duplicate
001D   ???? ????      00054         banksel buf_temp
001F   00??           00055         movwf buf_temp
0020   3E12           00056         addlw .18 ;bufer_count (LCD_bufer+18)
0021   0084           00057         movwf FSR
MPASM  5.51                     TM1621LCD.ASM   2-8-2018  18:36:49         PAGE  3


LOC  OBJECT CODE     LINE SOURCE TEXT
  VALUE

0022   0800           00058         movf INDF, 0
0023   00??           00059         movwf temp ;temp=bufer_count т.к. он идет сразу после самого буфера
0024   08??           00060         movf buf_temp, 0
0025   0084           00061         movwf FSR
                      00062         SET_BANK0
0026   1283               M         bcf STATUS, RP0
0027   1303               M         bcf STATUS, RP1 
0028   1206           00063         bcf CS 
0029   ???? ???? 2??? 00064         lcall pause_5us ;пауза 5 мкс
002C   ???? ????      00065         pagesel $
002E   ???? ????      00066         banksel counter
0030                  00067 next_dupl_byte
0030   3008           00068         movlw .8
0031   00??           00069         movwf counter
0032                  00070 next_dupl_bit
0032   1F80           00071         btfss INDF,7
0033   2???           00072         goto zero_dupl
0034   2???           00073         call SET_ONE ;подача логической единицы на драйвер дисплея
0035                  00074 test_dupl_bit
0035   ???? ????      00075         banksel temp
0037   0B??           00076         decfsz temp,1 
0038   2???           00077         goto next_dupl ;если не все принятые биты переданы идем на передачу
                      00078         SET_BANK0
0039   1283               M         bcf STATUS, RP0
003A   1303               M         bcf STATUS, RP1 
003B   1606           00079         bsf CS ;если все CS=1 и выходим
003C   0008           00080         return
003D                  00081 next_dupl
003D   0D80           00082         rlf INDF,1 ;
003E   0B??           00083         decfsz counter,1 
003F   2???           00084         goto next_dupl_bit ;если еще не передан очередной байт
0040   0A84           00085         incf FSR,1
0041   2???           00086         goto next_dupl_byte
0042                  00087 zero_dupl
0042   2???           00088         call SET_ZERO ;подача логического нуля на драйвер дисплея       
0043   2???           00089         goto test_dupl_bit
                      00090 ;-------------------------------------------------------------------
                      00091 ;Отправка данных буфера в дисплей
                      00092 ;Data_to_LCD(lcd_data_addr)
                      00093 ;lcd_data_addr - адрес ячейки начиная с которой располагается буфер считанных с весов данных 
                      00094 ;16 байт начиная с адреса записанного в аккумулятор
0044                  00095 Data_to_LCD
0044   ???? ????      00096         banksel buf_temp
0046   00??           00097         movwf buf_temp ;адрес начала области вывода     
0047   2???           00098         call WRITE ;команда драйвера дисплея (запись данных) 101
0048   ???? ????      00099         banksel counter 
004A   3006           00100         movlw .6 ;подаем начальный адрес 000000
004B   00??           00101         movwf counter
004C                  00102 send_zero_4
004C   2???           00103         call SET_ZERO ;подача логического нуля на драйвер дисплея
004D   ???? ????      00104         banksel counter 
004F   0B??           00105         decfsz counter,1
0050   2???           00106         goto send_zero_4
MPASM  5.51                     TM1621LCD.ASM   2-8-2018  18:36:49         PAGE  4


LOC  OBJECT CODE     LINE SOURCE TEXT
  VALUE

                      00107         ;выводим данные 32*4 бит
0051   08??           00108         movf buf_temp,0
0052   0084           00109         movwf FSR
0053                  00110 send_next_byte  
0053   3008           00111         movlw .8
0054   00??           00112         movwf counter
0055   0800           00113         movf INDF,0
0056   00??           00114         movwf temp
0057                  00115 send_next_bit
0057   1F80           00116         btfss temp,7
0058   2???           00117         goto send_zero
0059   2???           00118         call SET_ONE ;подача логической единицы на драйвер дисплея
005A                  00119 shift_bit
005A   ???? ????      00120         banksel temp    
005C   0D??           00121         rlf temp,1
005D   0B??           00122         decfsz counter,1
005E   2???           00123         goto send_next_bit
005F   0A84           00124         incf FSR,1
0060   08??           00125         movf buf_temp,0 ;!!
0061   3E10           00126         addlw 0x10      ;!!
0062   0604           00127         xorwf FSR, 0 ;!!
0063   1D03           00128         btfss STATUS,Z ;если адрес уже 0х70 - заканчиваем отправку данных
0064   2???           00129         goto send_next_byte     
                      00130         SET_BANK0
0065   1283               M         bcf STATUS, RP0
0066   1303               M         bcf STATUS, RP1 
0067   1606           00131         bsf CS ;CS=1
0068   ???? ???? 2??? 00132         lcall pause_3us ;пауза 3 мкс
006B   ???? ????      00133         pagesel $
006D   0008           00134         return
006E                  00135 send_zero
006E   2???           00136         call SET_ZERO ;подача логического нуля на драйвер дисплея       
006F   2???           00137         goto shift_bit
                      00138 ;--------------------------------------------------------------------------
                      00139 ;- Вывести символ в указанной позиции
                      00140 ;PrintSimb(SimbCode, Simb_Pos)
                      00141 ;SimbCode - ASCII код выводимого символа
                      00142 ;Simb_Pos – позиция в которой выводить символ (от 0 до 15: 0-4 первая строка, 5-9 вторая строка, 10-15 т
                            ретья строка)
0070                  00143 PrintSimb
0070   ???? ???? 2??? 00144         lcall ASCII_to_LCDcode
0073   ???? ????      00145         pagesel $
0075   ???? ????      00146         banksel simb_temp
0077   00??           00147         movwf simb_temp
0078   2???           00148         call WRITE ;команда драйвера дисплея (запись данных) 101
                      00149         ;преобразовываем адрес
0079   ???? ????      00150         banksel simb_pos
007B   09??           00151         comf simb_pos,0 ;инфертируем позицию т.к. адресация символов в обратном порядке
007C   390F           00152         andlw 0x0F
007D   ???? ????      00153         banksel temp
007F   00??           00154         movwf temp
0080   0D??           00155         rlf temp,1
0081   1000           00156         bcf temp,0      
MPASM  5.51                     TM1621LCD.ASM   2-8-2018  18:36:49         PAGE  5


LOC  OBJECT CODE     LINE SOURCE TEXT
  VALUE

                      00157         ;передаем адрес
0082   3006           00158         movlw .6
0083   00??           00159         movwf counter
0084                  00160 send_next_bit2
0084   1E80           00161         btfss temp,5
0085   2???           00162         goto send_zero2
0086   2???           00163         call SET_ONE ;подача логической единицы на драйвер дисплея
0087                  00164 shift_bit2
0087   0D??           00165         rlf temp,1
0088   0B??           00166         decfsz counter,1
0089   2???           00167         goto send_next_bit2
                      00168         ;выводим данные 2*4 бит
008A   3008           00169         movlw .8
008B   00??           00170         movwf counter
008C                  00171 send_next_bit3
008C   1F80           00172         btfss simb_temp,7
008D   2???           00173         goto send_zero3
008E   2???           00174         call SET_ONE ;подача логической единицы на драйвер дисплея
008F                  00175 shift_bit3
008F   ???? ????      00176         banksel simb_temp
0091   0D??           00177         rlf simb_temp,1
0092   0B??           00178         decfsz counter,1
0093   2???           00179         goto send_next_bit3
                      00180         ;поднимаем CS для того чтобы закончить передачу команды
                      00181         SET_BANK0       
0094   1283               M         bcf STATUS, RP0
0095   1303               M         bcf STATUS, RP1 
0096   1606           00182         bsf CS ;CS=1
0097   ???? ???? 2??? 00183         lcall pause_5us ;пауза 3 мкс
009A   ???? ????      00184         pagesel $
009C   0008           00185         return
009D                  00186 send_zero2
009D   2???           00187         call SET_ZERO ;подача логического нуля на драйвер дисплея       
009E   2???           00188         goto shift_bit2
009F                  00189 send_zero3
009F   2???           00190         call SET_ZERO ;подача логического нуля на драйвер дисплея       
00A0   2???           00191         goto shift_bit3
                      00192 ;-----------------------------------------------------------------------
                      00193 ;- Преобразовать ASCII буфер (16 символов+2 байта с позициями запятых) в код для вывод на дисплей
                      00194 ;Convert_ASCII_to_LCD(lcd_data_addr, ASCII_data)
                      00195 ;lcd_data_addr - адрес ячейки начиная с которой располагается буфер для вывода на дисплей
                      00196 ;ASCII_data – данные в виде ASCII кода (поочередно – сначала 1я строка 5 символов, потом 2я строка 5 сим
                            волов, потом 3я строка 6 символов)
                      00197 ;буфер ASCII кода подается в аккумуляторе
                      00198 ;буфер дисплея 16 байт начиная с Display_Data
00A1                  00199 Convert_ASCII_to_LCD
                      00200         ;ячейки буфера дисплея расположены противоположно ячекам разрядов в ASCII коде
00A1   ???? ????      00201         banksel buf_temp
00A3   00??           00202         movwf buf_temp
00A4   0804           00203         movf FSR,0 ;сохраняем FSR
00A5   00??           00204         movwf simb_temp
00A6   3010           00205         movlw .16
00A7   00??           00206         movwf counter
MPASM  5.51                     TM1621LCD.ASM   2-8-2018  18:36:49         PAGE  6


LOC  OBJECT CODE     LINE SOURCE TEXT
  VALUE

00A8                  00207 nextASCII
00A8   08??           00208         movf buf_temp,0
00A9   0084           00209         movwf FSR
00AA   0800           00210         movf INDF,0 ;W=ASCII[i]
00AB   ???? ???? 2??? 00211         lcall ASCII_to_LCDcode ;w=LCDcode[i]
00AE   ???? ????      00212         pagesel $
00B0   00??           00213         movwf temp
00B1   03??           00214         decf counter,0 ;W=counter-1
00B2   3E??           00215         addlw Display_Data ;W=Display_Data+counter-1 т.е. адрес ячейки буфера в кот. надо писать
00B3   0084           00216         movwf FSR
00B4   08??           00217         movf temp,0
00B5   0080           00218         movwf INDF ;Display_Data[j]=LCDcode[i]
00B6   0A??           00219         incf buf_temp,1
00B7   0B??           00220         decfsz counter,1
00B8   2???           00221         goto nextASCII
                      00222         
00B9   08??           00223         movf simb_temp,0
00BA   0084           00224         movwf FSR ;восстанавливаем FSR
00BB   0008           00225         return
                      00226 ;-----------------------------------------------------------------------
                      00227 ;- Вывести сообщение во все строки (16 символов)
                      00228 ;PrintMsg(MsgAddr)
                      00229 ;MsgAddr – адрес начала области памяти где хранятся 16 символов в ASCII коде для вывода на дисплей
                      00230 ;и 2 байта с позициями запятых
                      00231 ;адрес начала области 18 байт указываем в аккумуляторе
                      00232 ;буфер дисплея 16 байт начиная с Display_Data
00BC                  00233 PrintMsg
00BC   2???           00234         call Convert_ASCII_to_LCD
00BD   30??           00235         movlw Display_Data
00BE   2???           00236         call Data_to_LCD        
00BF   0008           00237         return
                      00238 ;-----------------------------------------------------------------------
00C0                  00239 SET_ZERO ;подача логического нуля на драйвер дисплея
                      00240         SET_BANK0
00C0   1283               M         bcf STATUS, RP0
00C1   1303               M         bcf STATUS, RP1 
00C2   1386           00241         bcf DATA_PIN ;DATA=0
00C3   0000           00242         nop
00C4   1686           00243         bsf WR ;WR=1
00C5   ???? ???? 2??? 00244         lcall pause_5us ;пауза 3 мкс
00C8   ???? ????      00245         pagesel $
                      00246         SET_BANK0
00CA   1283               M         bcf STATUS, RP0
00CB   1303               M         bcf STATUS, RP1 
00CC   1286           00247         bcf WR ;WR=0
00CD   1386           00248         bcf DATA_PIN ;DATA=0
00CE   ???? ???? 2??? 00249         lcall pause_5us ;пауза 3 мкс
00D1   ???? ????      00250         pagesel $
00D3   0008           00251         return
                      00252 ;--------------------------------------------------------------------------
00D4                  00253 SET_ONE ;подача логической единицы на драйвер дисплея
                      00254         SET_BANK0
00D4   1283               M         bcf STATUS, RP0
MPASM  5.51                     TM1621LCD.ASM   2-8-2018  18:36:49         PAGE  7


LOC  OBJECT CODE     LINE SOURCE TEXT
  VALUE

00D5   1303               M         bcf STATUS, RP1 
00D6   1786           00255         bsf DATA_PIN ;DATA=1
00D7   0000           00256         nop
00D8   1686           00257         bsf WR ;WR=1
00D9   ???? ???? 2??? 00258         lcall pause_5us ;пауза 3 мкс
00DC   ???? ????      00259         pagesel $
                      00260         SET_BANK0
00DE   1283               M         bcf STATUS, RP0
00DF   1303               M         bcf STATUS, RP1 
00E0   1286           00261         bcf WR ;WR=0
00E1   1386           00262         bcf DATA_PIN ;DATA=0
00E2   ???? ???? 2??? 00263         lcall pause_5us ;пауза 3 мкс
00E5   ???? ????      00264         pagesel $
00E7   0008           00265         return
                      00266 ;--------------------------------------------------------------------------
00E8                  00267 WRITE ;команда драйвера дисплея (запись данных) 101
                      00268         SET_BANK0
00E8   1283               M         bcf STATUS, RP0
00E9   1303               M         bcf STATUS, RP1 
00EA   1206           00269         bcf CS ;CS=0
00EB   ???? ???? 2??? 00270         lcall pause_5us ;пауза 3 мкс
00EE   ???? ????      00271         pagesel $
00F0   2???           00272         call SET_ONE ;подача логической единицы на драйвер дисплея
00F1   2???           00273         call SET_ZERO ;подача логического нуля на драйвер дисплея
00F2   2???           00274         call SET_ONE ;подача логической единицы на драйвер дисплея
00F3   0008           00275         return
                      00276 ;--------------------------------------------------------------------------
00F4                  00277 COMMAND;команда драйвера дисплея (команда кправления) 100
00F4   1206           00278         bcf CS ;CS=0
00F5   2???           00279         call pause_5us ;пауза 3 мкс
00F6   2???           00280         call SET_ONE ;подача логической единицы на драйвер дисплея
00F7   2???           00281         call SET_ZERO ;подача логического нуля на драйвер дисплея
00F8   2???           00282         call SET_ZERO ;подача логического нуля на драйвер дисплея
00F9   0008           00283         return
                      00284 ;--------------------------------------------------------------------------
00FA                  00285 TONE4K ;команда TONE4K согласно документации на драйвер 100 010000000
00FA   2???           00286         call COMMAND;команда драйвера дисплея (команда управления) 100
00FB   2???           00287         call SET_ZERO ;подача логического нуля на драйвер дисплея
00FC   2???           00288         call SET_ONE ;подача логической единицы на драйвер дисплея
00FD   2???           00289         call SET_ZERO ;подача логического нуля на драйвер дисплея
00FE   2???           00290         call SET_ZERO ;подача логического нуля на драйвер дисплея
00FF   2???           00291         call SET_ZERO ;подача логического нуля на драйвер дисплея
0100   2???           00292         call SET_ZERO ;подача логического нуля на драйвер дисплея
0101   2???           00293         call SET_ZERO ;подача логического нуля на драйвер дисплея
0102   2???           00294         call SET_ZERO ;подача логического нуля на драйвер дисплея
0103   2???           00295         call SET_ZERO ;подача логического нуля на драйвер дисплея
0104   1606           00296         bsf CS ;CS=1
0105   2???           00297         call pause_5us ;пауза 3 мкс
0106   0008           00298         return
                      00299 ;--------------------------------------------------------------------------
0107                  00300 TNORMAL ;команда TNORMAL согласно документации на драйвер 100 111000111
0107   2???           00301         call COMMAND;команда драйвера дисплея (команда управления) 100
0108   2???           00302         call SET_ONE ;подача логической единицы на драйвер дисплея
MPASM  5.51                     TM1621LCD.ASM   2-8-2018  18:36:49         PAGE  8


LOC  OBJECT CODE     LINE SOURCE TEXT
  VALUE

0109   2???           00303         call SET_ONE ;подача логической единицы на драйвер дисплея
010A   2???           00304         call SET_ONE ;подача логической единицы на драйвер дисплея
010B   2???           00305         call SET_ZERO ;подача логического нуля на драйвер дисплея
010C   2???           00306         call SET_ZERO ;подача логического нуля на драйвер дисплея
010D   2???           00307         call SET_ZERO ;подача логического нуля на драйвер дисплея
010E   2???           00308         call SET_ONE ;подача логической единицы на драйвер дисплея
010F   2???           00309         call SET_ONE ;подача логической единицы на драйвер дисплея
0110   2???           00310         call SET_ONE ;подача логической единицы на драйвер дисплея
0111   1606           00311         bsf CS ;CS=1
0112   2???           00312         call pause_5us ;пауза 3 мкс
0113   0008           00313         return
                      00314 ;--------------------------------------------------------------------------
0114                  00315 SYS_EN ;команда SYS EN согласно документации на драйвер 100 000000011
0114   2???           00316         call COMMAND;команда драйвера дисплея (команда управления) 100
0115   ???? ????      00317         banksel counter
0117   3007           00318         movlw .7
0118   00??           00319         movwf counter
0119                  00320 send_zero_1
0119   2???           00321         call SET_ZERO ;подача логического нуля на драйвер дисплея
011A   ???? ????      00322         banksel counter
011C   0B??           00323         decfsz counter,1
011D   2???           00324         goto send_zero_1        
011E   2???           00325         call SET_ONE ;подача логической единицы на драйвер дисплея
011F   2???           00326         call SET_ONE ;подача логической единицы на драйвер дисплея
                      00327         SET_BANK0
0120   1283               M         bcf STATUS, RP0
0121   1303               M         bcf STATUS, RP1 
0122   1606           00328         bsf CS ;CS=1
0123   ???? ???? 2??? 00329         lcall pause_5us ;пауза 3 мкс
0126   ???? ????      00330         pagesel $       
0128   0008           00331         return
                      00332 ;--------------------------------------------------------------------------
0129                  00333 RC_256K ;команда RC_256K согласно документации на драйвер 100 000110000
0129   2???           00334         call COMMAND;команда драйвера дисплея (команда управления) 100
012A   2???           00335         call SET_ZERO ;подача логического нуля на драйвер дисплея
012B   2???           00336         call SET_ZERO ;подача логического нуля на драйвер дисплея
012C   2???           00337         call SET_ZERO ;подача логического нуля на драйвер дисплея
012D   2???           00338         call SET_ONE ;подача логической единицы на драйвер дисплея
012E   2???           00339         call SET_ONE ;подача логической единицы на драйвер дисплея
012F   2???           00340         call SET_ZERO ;подача логического нуля на драйвер дисплея
0130   2???           00341         call SET_ZERO ;подача логического нуля на драйвер дисплея
0131   2???           00342         call SET_ZERO ;подача логического нуля на драйвер дисплея
0132   2???           00343         call SET_ZERO ;подача логического нуля на драйвер дисплея
                      00344         SET_BANK0
0133   1283               M         bcf STATUS, RP0
0134   1303               M         bcf STATUS, RP1 
0135   1606           00345         bsf CS ;CS=1
0136   ???? ???? 2??? 00346         lcall pause_5us ;пауза 3 мкс
0139   ???? ????      00347         pagesel $
013B   0008           00348         return
                      00349 ;--------------------------------------------------------------------------
013C                  00350 BIAS_1_3 ;команда BIAS ab=10:4 LCD 1/3 согласно документации на драйвер 100 001010011
013C   2???           00351         call COMMAND;команда драйвера дисплея (команда управления) 100
MPASM  5.51                     TM1621LCD.ASM   2-8-2018  18:36:49         PAGE  9


LOC  OBJECT CODE     LINE SOURCE TEXT
  VALUE

013D   2???           00352         call SET_ZERO ;подача логического нуля на драйвер дисплея
013E   2???           00353         call SET_ZERO ;подача логического нуля на драйвер дисплея
013F   2???           00354         call SET_ONE ;подача логической единицы на драйвер дисплея
0140   2???           00355         call SET_ZERO ;подача логического нуля на драйвер дисплея
0141   2???           00356         call SET_ONE ;подача логической единицы на драйвер дисплея
0142   2???           00357         call SET_ZERO ;подача логического нуля на драйвер дисплея
0143   2???           00358         call SET_ZERO ;подача логического нуля на драйвер дисплея
0144   2???           00359         call SET_ONE ;подача логической единицы на драйвер дисплея
0145   2???           00360         call SET_ONE ;подача логической единицы на драйвер дисплея
                      00361         SET_BANK0
0146   1283               M         bcf STATUS, RP0
0147   1303               M         bcf STATUS, RP1 
0148   1606           00362         bsf CS ;CS=1
0149   ???? ???? 2??? 00363         lcall pause_5us ;пауза 3 мкс
014C   ???? ????      00364         pagesel $       
014E   0008           00365         return
                      00366 ;--------------------------------------------------------------------------
014F                  00367 LCD_OFF ;команда LCD OFF согласно документации на драйвер 100 000000100
014F   2???           00368         call COMMAND;команда драйвера дисплея (команда управления) 100
0150   ???? ????      00369         banksel counter
0152   3006           00370         movlw .6
0153   00??           00371         movwf counter
0154                  00372 send_zero_2
0154   2???           00373         call SET_ZERO ;подача логического нуля на драйвер дисплея
0155   ???? ????      00374         banksel counter
0157   0B??           00375         decfsz counter,1
0158   2???           00376         goto send_zero_2        
0159   2???           00377         call SET_ONE ;подача логической единицы на драйвер дисплея
015A   2???           00378         call SET_ZERO ;подача логического нуля на драйвер дисплея
015B   2???           00379         call SET_ZERO ;подача логического нуля на драйвер дисплея
                      00380         SET_BANK0
015C   1283               M         bcf STATUS, RP0
015D   1303               M         bcf STATUS, RP1 
015E   1606           00381         bsf CS ;CS=1
015F   ???? ???? 2??? 00382         lcall pause_5us ;пауза 3 мкс
0162   ???? ????      00383         pagesel $       
0164   0008           00384         return
                      00385 ;--------------------------------------------------------------------------
0165                  00386 LCD_ON ;команда LCD ON согласно документации на драйвер 100 000000111
0165   2???           00387         call COMMAND;команда драйвера дисплея (команда управления) 100
0166   ???? ????      00388         banksel counter
0168   3006           00389         movlw .6
0169   00??           00390         movwf counter
016A                  00391 send_zero_3
016A   2???           00392         call SET_ZERO ;подача логического нуля на драйвер дисплея
016B   ???? ????      00393         banksel counter
016D   0B??           00394         decfsz counter,1
016E   2???           00395         goto send_zero_3        
016F   2???           00396         call SET_ONE ;подача логической единицы на драйвер дисплея
0170   2???           00397         call SET_ONE ;подача логической единицы на драйвер дисплея
0171   2???           00398         call SET_ONE ;подача логической единицы на драйвер дисплея
                      00399         SET_BANK0
0172   1283               M         bcf STATUS, RP0
MPASM  5.51                     TM1621LCD.ASM   2-8-2018  18:36:49         PAGE 10


LOC  OBJECT CODE     LINE SOURCE TEXT
  VALUE

0173   1303               M         bcf STATUS, RP1 
0174   1606           00400         bsf CS ;CS=1
0175   ???? ???? 2??? 00401         lcall pause_5us ;пауза 3 мкс
0178   ???? ????      00402         pagesel $       
017A   0008           00403         return
                      00404 ;-----------------------------------------------------------------------------
                      00405 ;- Преобразовать символ в коде ASCII в код дисплея
                      00406 ;ASCII_to_LCDcode(ASCIIcode):LCDcode
                      00407 ;ASCIIcode - символ в коде ASCII
                      00408 ;LCDcode - символ в коде дисплея
                      00409 ;входные данные ASCIIcode подается в аккумулятора 
                      00410 ;и выходные данные LCDcode выдаются в аккумуляторе
017B                  00411 ASCII_to_LCDcode
                      00412 ;поочередно сравниваем символы
017B   ???? ????      00413         banksel temp
017D   00??           00414         movwf temp
017E   3A30           00415         xorlw '0'
017F   1903           00416         btfsc STATUS,Z
0180   347D           00417         retlw simb0
                      00418 
0181   08??           00419         movf temp,0
0182   3A31           00420         xorlw '1'
0183   1903           00421         btfsc STATUS,Z  
0184   3460           00422         retlw simb1             
                      00423 
0185   08??           00424         movf temp,0
0186   3A32           00425         xorlw '2'
0187   1903           00426         btfsc STATUS,Z  
0188   343E           00427         retlw simb2
                      00428         
0189   08??           00429         movf temp,0
018A   3A33           00430         xorlw '3'
018B   1903           00431         btfsc STATUS,Z  
018C   347A           00432         retlw simb3
                      00433 
018D   08??           00434         movf temp,0
018E   3A34           00435         xorlw '4'
018F   1903           00436         btfsc STATUS,Z  
0190   3463           00437         retlw simb4     
                      00438 
0191   08??           00439         movf temp,0
0192   3A35           00440         xorlw '5'
0193   1903           00441         btfsc STATUS,Z  
0194   345B           00442         retlw simb5             
                      00443 
0195   08??           00444         movf temp,0
0196   3A36           00445         xorlw '6'
0197   1903           00446         btfsc STATUS,Z  
0198   345F           00447         retlw simb6     
                      00448 
0199   08??           00449         movf temp,0
019A   3A37           00450         xorlw '7'
019B   1903           00451         btfsc STATUS,Z  
MPASM  5.51                     TM1621LCD.ASM   2-8-2018  18:36:49         PAGE 11


LOC  OBJECT CODE     LINE SOURCE TEXT
  VALUE

019C   3470           00452         retlw simb7     
                      00453 
019D   08??           00454         movf temp,0
019E   3A38           00455         xorlw '8'
019F   1903           00456         btfsc STATUS,Z  
01A0   347F           00457         retlw simb8     
                      00458 
01A1   08??           00459         movf temp,0
01A2   3A39           00460         xorlw '9'
01A3   1903           00461         btfsc STATUS,Z  
01A4   347B           00462         retlw simb9
                      00463 
01A5   08??           00464         movf temp,0
01A6   3A41           00465         xorlw 'A'
01A7   1903           00466         btfsc STATUS,Z  
01A8   3477           00467         retlw simbA     
                      00468 
01A9   08??           00469         movf temp,0
01AA   3A62           00470         xorlw 'b'
01AB   1903           00471         btfsc STATUS,Z  
01AC   344F           00472         retlw simbb     
                      00473 
01AD   08??           00474         movf temp,0
01AE   3A43           00475         xorlw 'C'
01AF   1903           00476         btfsc STATUS,Z  
01B0   341D           00477         retlw simbC
                      00478 
01B1   08??           00479         movf temp,0
01B2   3A64           00480         xorlw 'd'
01B3   1903           00481         btfsc STATUS,Z  
01B4   346E           00482         retlw simbd
                      00483 
01B5   08??           00484         movf temp,0
01B6   3A45           00485         xorlw 'E'
01B7   1903           00486         btfsc STATUS,Z  
01B8   341F           00487         retlw simbE     
                      00488 
01B9   08??           00489         movf temp,0
01BA   3A46           00490         xorlw 'F'
01BB   1903           00491         btfsc STATUS,Z  
01BC   3417           00492         retlw simbF
                      00493 
01BD   08??           00494         movf temp,0
01BE   3A47           00495         xorlw 'G'
01BF   1903           00496         btfsc STATUS,Z  
01C0   345D           00497         retlw simbG
                      00498 
01C1   08??           00499         movf temp,0
01C2   3A48           00500         xorlw 'H'
01C3   1903           00501         btfsc STATUS,Z  
01C4   3467           00502         retlw simbH
                      00503 
01C5   08??           00504         movf temp,0
MPASM  5.51                     TM1621LCD.ASM   2-8-2018  18:36:49         PAGE 12


LOC  OBJECT CODE     LINE SOURCE TEXT
  VALUE

01C6   3A4A           00505         xorlw 'J'
01C7   1903           00506         btfsc STATUS,Z  
01C8   346C           00507         retlw simbJ
                      00508 
01C9   08??           00509         movf temp,0
01CA   3A4C           00510         xorlw 'L'
01CB   1903           00511         btfsc STATUS,Z  
01CC   340D           00512         retlw simbL
                      00513 
01CD   08??           00514         movf temp,0
01CE   3A6E           00515         xorlw 'n'
01CF   1903           00516         btfsc STATUS,Z  
01D0   3446           00517         retlw simbn
                      00518 
01D1   08??           00519         movf temp,0
01D2   3A4F           00520         xorlw 'O'
01D3   1903           00521         btfsc STATUS,Z  
01D4   347D           00522         retlw simb0
                      00523 
01D5   08??           00524         movf temp,0
01D6   3A70           00525         xorlw 'p'
01D7   1903           00526         btfsc STATUS,Z  
01D8   3437           00527         retlw simbP
                      00528 
01D9   08??           00529         movf temp,0
01DA   3A72           00530         xorlw 'r'
01DB   1903           00531         btfsc STATUS,Z  
01DC   3406           00532         retlw simbr
                      00533 
01DD   08??           00534         movf temp,0
01DE   3A53           00535         xorlw 'S'
01DF   1903           00536         btfsc STATUS,Z  
01E0   345B           00537         retlw simb5
                      00538 
01E1   08??           00539         movf temp,0
01E2   3A74           00540         xorlw 't'
01E3   1903           00541         btfsc STATUS,Z  
01E4   340F           00542         retlw simbt
                      00543 
01E5   08??           00544         movf temp,0
01E6   3A55           00545         xorlw 'U'
01E7   1903           00546         btfsc STATUS,Z  
01E8   346D           00547         retlw simbU
                      00548 
01E9   08??           00549         movf temp,0
01EA   3A2D           00550         xorlw '-'
01EB   1903           00551         btfsc STATUS,Z  
01EC   3402           00552         retlw simbmin
                      00553 
01ED   08??           00554         movf temp,0
01EE   3A20           00555         xorlw ' '
01EF   1903           00556         btfsc STATUS,Z  
01F0   3400           00557         retlw empty
MPASM  5.51                     TM1621LCD.ASM   2-8-2018  18:36:49         PAGE 13


LOC  OBJECT CODE     LINE SOURCE TEXT
  VALUE

01F1   0008           00558         return
                      00559 ;---------------------------------------------------------------------------
                      00560         end
MPASM  5.51                     TM1621LCD.ASM   2-8-2018  18:36:49         PAGE 14


SYMBOL TABLE
  LABEL                             VALUE 

ABDEN                             00000000
ABDOVF                            00000007
ACKDT                             00000005
ACKEN                             00000004
ACKSTAT                           00000006
ADCON0                            0000001F
ADCON1                            0000009F
ADCS0                             00000006
ADCS1                             00000007
ADDEN                             00000003
ADFM                              00000007
ADIE                              00000006
ADIF                              00000006
ADON                              00000000
ADRESH                            0000001E
ADRESL                            0000009E
ANS0                              00000000
ANS1                              00000001
ANS10                             00000002
ANS11                             00000003
ANS12                             00000004
ANS13                             00000005
ANS2                              00000002
ANS3                              00000003
ANS4                              00000004
ANS5                              00000005
ANS6                              00000006
ANS7                              00000007
ANS8                              00000000
ANS9                              00000001
ANSEL                             00000188
ANSELH                            00000189
ASCII_buf                         00000004
ASCII_to_LCDcode                  0000017B
BAUDCTL                           00000187
BCLIE                             00000003
BCLIF                             00000003
BF                                00000000
BIAS_1_3                          0000013C
BRG0                              00000000
BRG1                              00000001
BRG10                             00000002
BRG11                             00000003
BRG12                             00000004
BRG13                             00000005
BRG14                             00000006
BRG15                             00000007
BRG16                             00000003
BRG2                              00000002
BRG3                              00000003
BRG4                              00000004
BRG5                              00000005
BRG6                              00000006
MPASM  5.51                     TM1621LCD.ASM   2-8-2018  18:36:49         PAGE 15


SYMBOL TABLE
  LABEL                             VALUE 

BRG7                              00000007
BRG8                              00000000
BRG9                              00000001
BRGH                              00000002
C                                 00000000
C1CH0                             00000000
C1CH1                             00000001
C1IE                              00000005
C1IF                              00000005
C1OE                              00000005
C1ON                              00000007
C1OUT                             00000006
C1POL                             00000004
C1R                               00000002
C1RSEL                            00000005
C1SEN                             00000005
C2CH0                             00000000
C2CH1                             00000001
C2IE                              00000006
C2IF                              00000006
C2OE                              00000005
C2ON                              00000007
C2OUT                             00000006
C2POL                             00000004
C2R                               00000002
C2REN                             00000004
C2RSEL                            00000004
C2SYNC                            00000000
CCP1CON                           00000017
CCP1IE                            00000002
CCP1IF                            00000002
CCP1M0                            00000000
CCP1M1                            00000001
CCP1M2                            00000002
CCP1M3                            00000003
CCP1X                             00000005
CCP1Y                             00000004
CCP2CON                           0000001D
CCP2IE                            00000000
CCP2IF                            00000000
CCP2M0                            00000000
CCP2M1                            00000001
CCP2M2                            00000002
CCP2M3                            00000003
CCP2X                             00000005
CCP2Y                             00000004
CCPR1                             00000015
CCPR1H                            00000016
CCPR1L                            00000015
CCPR2                             0000001B
CCPR2H                            0000001C
CCPR2L                            0000001B
CHS0                              00000002
MPASM  5.51                     TM1621LCD.ASM   2-8-2018  18:36:49         PAGE 16


SYMBOL TABLE
  LABEL                             VALUE 

CHS1                              00000003
CHS2                              00000004
CHS3                              00000005
CKE                               00000006
CKP                               00000004
CM1CON0                           00000107
CM2CON0                           00000108
CM2CON1                           00000109
COMMAND                           000000F4
CREN                              00000004
CS                                PORTB,4
CSRC                              00000007
Convert_ASCII_to_LCD              000000A1
D                                 00000005
DATA_ADDRESS                      00000005
DATA_PIN                          PORTB,7
DC                                00000001
DC1B0                             00000004
DC1B1                             00000005
DC2B0                             00000004
DC2B1                             00000005
D_A                               00000005
D_NOT_A                           00000005
Data_to_LCD                       00000044
Display_Data                      00000001
ECCPAS                            0000009C
ECCPAS0                           00000004
ECCPAS1                           00000005
ECCPAS2                           00000006
ECCPASE                           00000007
EEADR                             0000010D
EEADRH                            0000010F
EECON1                            0000018C
EECON2                            0000018D
EEDAT                             0000010C
EEDATA                            0000010C
EEDATH                            0000010E
EEIE                              00000004
EEIF                              00000004
EEPGD                             00000007
F                                 00000001
FERR                              00000002
FSR                               00000004
FVREN                             00000000
GCEN                              00000007
GIE                               00000007
GO                                00000001
GO_DONE                           00000001
GO_NOT_DONE                       00000001
HTS                               00000002
I2C_DATA                          00000005
I2C_READ                          00000002
I2C_START                         00000003
MPASM  5.51                     TM1621LCD.ASM   2-8-2018  18:36:49         PAGE 17


SYMBOL TABLE
  LABEL                             VALUE 

I2C_STOP                          00000004
INDF                              00000000
INTCON                            0000000B
INTE                              00000004
INTEDG                            00000006
INTF                              00000001
IOCB                              00000096
IOCB0                             00000000
IOCB1                             00000001
IOCB2                             00000002
IOCB3                             00000003
IOCB4                             00000004
IOCB5                             00000005
IOCB6                             00000006
IOCB7                             00000007
IRCF0                             00000004
IRCF1                             00000005
IRCF2                             00000006
IRP                               00000007
LCD_Data_Duplicate                0000001D
LCD_OFF                           0000014F
LCD_ON                            00000165
LCD_bufer                         00000000
LTS                               00000001
MC1OUT                            00000007
MC2OUT                            00000006
MSK                               00000093
MSK0                              00000000
MSK1                              00000001
MSK2                              00000002
MSK3                              00000003
MSK4                              00000004
MSK5                              00000005
MSK6                              00000006
MSK7                              00000007
NOT_A                             00000005
NOT_ADDRESS                       00000005
NOT_BO                            00000000
NOT_BOR                           00000000
NOT_DONE                          00000001
NOT_PD                            00000003
NOT_POR                           00000001
NOT_RBPU                          00000007
NOT_RC8                           00000006
NOT_T1SYNC                        00000002
NOT_TO                            00000004
NOT_TX8                           00000006
NOT_W                             00000002
NOT_WRITE                         00000002
OERR                              00000001
OPTION_REG                        00000081
OSCCON                            0000008F
OSCTUNE                           00000090
MPASM  5.51                     TM1621LCD.ASM   2-8-2018  18:36:49         PAGE 18


SYMBOL TABLE
  LABEL                             VALUE 

OSFIE                             00000007
OSFIF                             00000007
OSTS                              00000003
P                                 00000004
P1M0                              00000006
P1M1                              00000007
PCL                               00000002
PCLATH                            0000000A
PCON                              0000008E
PDC0                              00000000
PDC1                              00000001
PDC2                              00000002
PDC3                              00000003
PDC4                              00000004
PDC5                              00000005
PDC6                              00000006
PEIE                              00000006
PEN                               00000002
PIE1                              0000008C
PIE2                              0000008D
PIR1                              0000000C
PIR2                              0000000D
PORTA                             00000005
PORTB                             00000006
PORTC                             00000007
PORTD                             00000008
PORTE                             00000009
PR2                               00000092
PRSEN                             00000007
PS0                               00000000
PS1                               00000001
PS2                               00000002
PSA                               00000003
PSSAC0                            00000002
PSSAC1                            00000003
PSSBD0                            00000000
PSSBD1                            00000001
PSTRCON                           0000009D
PULSR                             00000002
PULSS                             00000003
PWM1CON                           0000009B
PrintMsg                          000000BC
PrintSimb                         00000070
R                                 00000002
RA0                               00000000
RA1                               00000001
RA2                               00000002
RA3                               00000003
RA4                               00000004
RA5                               00000005
RA6                               00000006
RA7                               00000007
RB0                               00000000
MPASM  5.51                     TM1621LCD.ASM   2-8-2018  18:36:49         PAGE 19


SYMBOL TABLE
  LABEL                             VALUE 

RB1                               00000001
RB2                               00000002
RB3                               00000003
RB4                               00000004
RB5                               00000005
RB6                               00000006
RB7                               00000007
RBIE                              00000003
RBIF                              00000000
RC0                               00000000
RC1                               00000001
RC2                               00000002
RC3                               00000003
RC4                               00000004
RC5                               00000005
RC6                               00000006
RC7                               00000007
RC8_9                             00000006
RC9                               00000006
RCD8                              00000000
RCEN                              00000003
RCIDL                             00000006
RCIE                              00000005
RCIF                              00000005
RCREG                             0000001A
RCSTA                             00000018
RC_256K                           00000129
RD                                00000000
RD0                               00000000
RD1                               00000001
RD2                               00000002
RD3                               00000003
RD4                               00000004
RD5                               00000005
RD6                               00000006
RD7                               00000007
RE0                               00000000
RE1                               00000001
RE2                               00000002
RE3                               00000003
READ_WRITE                        00000002
RP0                               00000005
RP1                               00000006
RSEN                              00000001
RX9                               00000006
RX9D                              00000000
R_NOT_W                           00000002
R_W                               00000002
S                                 00000003
SBOREN                            00000004
SCKP                              00000004
SCS                               00000000
SEN                               00000000
MPASM  5.51                     TM1621LCD.ASM   2-8-2018  18:36:49         PAGE 20


SYMBOL TABLE
  LABEL                             VALUE 

SENDB                             00000003
SET_BANK0                         
SET_ONE                           000000D4
SET_ZERO                          000000C0
SMP                               00000007
SPBRG                             00000099
SPBRGH                            0000009A
SPEN                              00000007
SR0                               00000006
SR1                               00000007
SRCON                             00000185
SREN                              00000005
SSPADD                            00000093
SSPBUF                            00000013
SSPCON                            00000014
SSPCON2                           00000091
SSPEN                             00000005
SSPIE                             00000003
SSPIF                             00000003
SSPM0                             00000000
SSPM1                             00000001
SSPM2                             00000002
SSPM3                             00000003
SSPMSK                            00000093
SSPOV                             00000006
SSPSTAT                           00000094
STATUS                            00000003
STRA                              00000000
STRB                              00000001
STRC                              00000002
STRD                              00000003
STRSYNC                           00000004
SWDTEN                            00000000
SYNC                              00000004
SYS_EN                            00000114
T0CS                              00000005
T0IE                              00000005
T0IF                              00000002
T0SE                              00000004
T1CKPS0                           00000004
T1CKPS1                           00000005
T1CON                             00000010
T1GINV                            00000007
T1GIV                             00000007
T1GSS                             00000001
T1INSYNC                          00000002
T1OSCEN                           00000003
T1SYNC                            00000002
T2CKPS0                           00000000
T2CKPS1                           00000001
T2CON                             00000012
TMR0                              00000001
TMR0IE                            00000005
MPASM  5.51                     TM1621LCD.ASM   2-8-2018  18:36:49         PAGE 21


SYMBOL TABLE
  LABEL                             VALUE 

TMR0IF                            00000002
TMR1                              0000000E
TMR1CS                            00000001
TMR1GE                            00000006
TMR1H                             0000000F
TMR1IE                            00000000
TMR1IF                            00000000
TMR1L                             0000000E
TMR1ON                            00000000
TMR2                              00000011
TMR2IE                            00000001
TMR2IF                            00000001
TMR2ON                            00000002
TNORMAL                           00000107
TONE4K                            000000FA
TOUTPS0                           00000003
TOUTPS1                           00000004
TOUTPS2                           00000005
TOUTPS3                           00000006
TRISA                             00000085
TRISA0                            00000000
TRISA1                            00000001
TRISA2                            00000002
TRISA3                            00000003
TRISA4                            00000004
TRISA5                            00000005
TRISA6                            00000006
TRISA7                            00000007
TRISB                             00000086
TRISB0                            00000000
TRISB1                            00000001
TRISB2                            00000002
TRISB3                            00000003
TRISB4                            00000004
TRISB5                            00000005
TRISB6                            00000006
TRISB7                            00000007
TRISC                             00000087
TRISC0                            00000000
TRISC1                            00000001
TRISC2                            00000002
TRISC3                            00000003
TRISC4                            00000004
TRISC5                            00000005
TRISC6                            00000006
TRISC7                            00000007
TRISD                             00000088
TRISD0                            00000000
TRISD1                            00000001
TRISD2                            00000002
TRISD3                            00000003
TRISD4                            00000004
TRISD5                            00000005
MPASM  5.51                     TM1621LCD.ASM   2-8-2018  18:36:49         PAGE 22


SYMBOL TABLE
  LABEL                             VALUE 

TRISD6                            00000006
TRISD7                            00000007
TRISE                             00000089
TRISE0                            00000000
TRISE1                            00000001
TRISE2                            00000002
TRISE3                            00000003
TRMT                              00000001
TUN0                              00000000
TUN1                              00000001
TUN2                              00000002
TUN3                              00000003
TUN4                              00000004
TX8_9                             00000006
TX9                               00000006
TX9D                              00000000
TXD8                              00000000
TXEN                              00000005
TXIE                              00000004
TXIF                              00000004
TXREG                             00000019
TXSTA                             00000098
UA                                00000001
ULPWUE                            00000005
ULPWUIE                           00000002
ULPWUIF                           00000002
VCFG0                             00000004
VCFG1                             00000005
VR0                               00000000
VR1                               00000001
VR2                               00000002
VR3                               00000003
VRCON                             00000097
VREN                              00000007
VROE                              00000006
VRR                               00000005
VRSS                              00000004
W                                 00000000
WCOL                              00000007
WDTCON                            00000105
WDTPS0                            00000001
WDTPS1                            00000002
WDTPS2                            00000003
WDTPS3                            00000004
WPUB                              00000095
WPUB0                             00000000
WPUB1                             00000001
WPUB2                             00000002
WPUB3                             00000003
WPUB4                             00000004
WPUB5                             00000005
WPUB6                             00000006
WPUB7                             00000007
MPASM  5.51                     TM1621LCD.ASM   2-8-2018  18:36:49         PAGE 23


SYMBOL TABLE
  LABEL                             VALUE 

WR                                PORTB,5
WREN                              00000002
WRERR                             00000003
WRITE                             000000E8
WUE                               00000001
Z                                 00000002
_.code_002C                       0000002C
_.code_006B                       0000006B
_.code_0073                       00000073
_.code_009A                       0000009A
_.code_00AE                       000000AE
_.code_00C8                       000000C8
_.code_00D1                       000000D1
_.code_00DC                       000000DC
_.code_00E5                       000000E5
_.code_00EE                       000000EE
_.code_0126                       00000126
_.code_0139                       00000139
_.code_014C                       0000014C
_.code_0162                       00000162
_.code_0178                       00000178
_BOR21V                           00003EFF
_BOR40V                           00003FFF
_BOR4V_BOR21V                     00003EFF
_BOR4V_BOR40V                     00003FFF
_BOREN_NSLEEP                     00003EFF
_BOREN_OFF                        00003CFF
_BOREN_ON                         00003FFF
_BOREN_SBODEN                     00003DFF
_BOR_NSLEEP                       00003EFF
_BOR_OFF                          00003CFF
_BOR_ON                           00003FFF
_BOR_SBODEN                       00003DFF
_CONFIG1                          00002007
_CONFIG2                          00002008
_CPD_OFF                          00003FFF
_CPD_ON                           00003F7F
_CP_OFF                           00003FFF
_CP_ON                            00003FBF
_DEBUG_OFF                        00003FFF
_DEBUG_ON                         00001FFF
_DEVID1                           00002006
_EC_OSC                           00003FFB
_EXTRC                            00003FFF
_EXTRCIO                          00003FFE
_EXTRC_OSC_CLKOUT                 00003FFF
_EXTRC_OSC_NOCLKOUT               00003FFE
_FCMEN_OFF                        000037FF
_FCMEN_ON                         00003FFF
_FOSC_EC                          00003FFB
_FOSC_EXTRC_CLKOUT                00003FFF
_FOSC_EXTRC_NOCLKOUT              00003FFE
_FOSC_HS                          00003FFA
MPASM  5.51                     TM1621LCD.ASM   2-8-2018  18:36:49         PAGE 24


SYMBOL TABLE
  LABEL                             VALUE 

_FOSC_INTRC_CLKOUT                00003FFD
_FOSC_INTRC_NOCLKOUT              00003FFC
_FOSC_LP                          00003FF8
_FOSC_XT                          00003FF9
_HS_OSC                           00003FFA
_IDLOC0                           00002000
_IDLOC1                           00002001
_IDLOC2                           00002002
_IDLOC3                           00002003
_IESO_OFF                         00003BFF
_IESO_ON                          00003FFF
_INTOSC                           00003FFD
_INTOSCIO                         00003FFC
_INTRC_OSC_CLKOUT                 00003FFD
_INTRC_OSC_NOCLKOUT               00003FFC
_LP_OSC                           00003FF8
_LVP_OFF                          00002FFF
_LVP_ON                           00003FFF
_MCLRE_OFF                        00003FDF
_MCLRE_ON                         00003FFF
_PWRTE_OFF                        00003FFF
_PWRTE_ON                         00003FEF
_WDTE_OFF                         00003FF7
_WDTE_ON                          00003FFF
_WDT_OFF                          00003FF7
_WDT_ON                           00003FFF
_WRT_1FOURTH                      00003BFF
_WRT_256                          00003DFF
_WRT_HALF                         000039FF
_WRT_OFF                          00003FFF
_XT_OSC                           00003FF9
__16F887                          00000001
__DEBUG                           1
buf_temp                          00000001
counter                           00000002
empty                             00000000
init_LCD                          00000000
nextASCII                         000000A8
next_dupl                         0000003D
next_dupl_bit                     00000032
next_dupl_byte                    00000030
pause_3us                         00000000
pause_5us                         00000000
send_next_bit                     00000057
send_next_bit2                    00000084
send_next_bit3                    0000008C
send_next_byte                    00000053
send_zero                         0000006E
send_zero2                        0000009D
send_zero3                        0000009F
send_zero_1                       00000119
send_zero_2                       00000154
send_zero_3                       0000016A
MPASM  5.51                     TM1621LCD.ASM   2-8-2018  18:36:49         PAGE 25


SYMBOL TABLE
  LABEL                             VALUE 

send_zero_4                       0000004C
shift_bit                         0000005A
shift_bit2                        00000087
shift_bit3                        0000008F
simb0                             0000007D
simb0_                            000000FD
simb1                             00000060
simb1_                            000000E0
simb2                             0000003E
simb2_                            000000BE
simb3                             0000007A
simb3_                            000000FA
simb4                             00000063
simb4_                            000000E3
simb5                             0000005B
simb5_                            000000DB
simb6                             0000005F
simb6_                            000000DF
simb7                             00000070
simb7_                            000000F0
simb8                             0000007F
simb8_                            000000FF
simb9                             0000007B
simb9_                            000000FB
simbA                             00000077
simbC                             0000001D
simbE                             0000001F
simbF                             00000017
simbG                             0000005D
simbH                             00000067
simbJ                             0000006C
simbL                             0000000D
simbP                             00000037
simbU                             0000006D
simb_pos                          00000000
simb_temp                         00000003
simbb                             0000004F
simbd                             0000006E
simbmin                           00000002
simbn                             00000046
simbr                             00000006
simbt                             0000000F
temp                              00000000
test_dupl_bit                     00000035
zero_dupl                         00000042

Errors   :     0
Warnings :     0 reported,     0 suppressed
Messages :     0 reported,     0 suppressed

