MPASM  5.51                       RTCTIME.ASM   3-2-2018  18:39:07         PAGE  1


LOC  OBJECT CODE     LINE SOURCE TEXT
  VALUE

                      00001 ;блок работы с модулем RTC DS1307 - функции часов
                      00002         list p=16f887
                      00003         include <p16f887.inc>
                      00001         LIST
                      00002 
                      00003 ;==========================================================================
                      00004 ;  MPASM PIC16F887 processor include
                      00005 ; 
                      00006 ;  (c) Copyright 1999-2013 Microchip Technology, All rights reserved
                      00007 ;==========================================================================
                      00008 
                      00809         LIST
                      00004 
                      00005         #define SCL     PORTA,2         ; SCL RTC
                      00006         #define SDA     PORTA,3         ; SDA RTC
                      00007         #define TRIS_SCL        TRISA,2         ; направление SCL RTC
                      00008         #define TRIS_SDA        TRISA,3         ; направление SDA RTC
                      00009 
  0000                00010         global HH,MM,SS,WD,DD,MO,YY
  0000                00011         global ReadRTCData, ReadTime, ReadDate, ReadDayofWeek
  0000                00012         global WriteRTC, WriteTime, WriteDate, WriteDayofWeek
                      00013 
                      00014         udata
0000                  00015 HH      res .1 ;часы
0001                  00016 MM      res .1 ;минуты
0002                  00017 SS      res .1 ;секунды
0003                  00018 WD      res .1 ;день недели
0004                  00019 DD      res .1 ;число
0005                  00020 MO      res .1 ;месяц
0006                  00021 YY      res .1 ;год
                      00022         udata_ovr
0000                  00023 TMP res .1
0001                  00024 COUNT res .1
                      00025 
                      00026 ;макросы
                      00027 ;-----------------------------------------------------------------
                      00028 ;установка банка 0
                      00029 SET_BANK0 MACRO 
                      00030         bcf STATUS, RP0
                      00031         bcf STATUS, RP1 
                      00032         ENDM
                      00033 ;-----------------------------------------------------------------
                      00034 ;установка банка 1
                      00035 SET_BANK1 MACRO 
                      00036         bsf STATUS, RP0
                      00037         bcf STATUS, RP1 
                      00038         ENDM
                      00039 ;------------------------------------------------------------------
                      00040 RTC_START MACRO ;!!!!!команда старт для часов реального времени
                      00041         SET_BANK0
                      00042         bsf     SDA                     ; SDA high
                      00043         nop
                      00044         SET_BANK1
MPASM  5.51                       RTCTIME.ASM   3-2-2018  18:39:07         PAGE  2


LOC  OBJECT CODE     LINE SOURCE TEXT
  VALUE

                      00045         bsf     TRIS_SCL                ; SCL high (input)
                      00046         SET_BANK0
                      00047         bcf     SDA                     ; SDA low (start)
                      00048         ENDM
                      00049         ;-------------------
                      00050 RTC_STOP MACRO                  ;!!!!команда стоп для часов реального времени
                      00051         SET_BANK0
                      00052         bcf     SDA                     ; SDA low
                      00053         nop
                      00054         nop
                      00055         SET_BANK1
                      00056         bsf     TRIS_SCL                ; SCL high (input)
                      00057         SET_BANK0
                      00058         bsf     SDA                     ; SDA high
                      00059         ENDM
                      00060 ;------------------------------------------------------------------
                      00061 
                      00062         code
                      00063 ;-----------------------------------------------------------------------
                      00064 ;- Считать текущее состояние времени/даты/для недели и т.д.
                      00065 ;ReadRTCData(HH,MM,SS,WD,DD,MO,YY)
0000                  00066 ReadRTCData
                      00067         RTC_START
                          M         SET_BANK0
0000   1283               M         bcf STATUS, RP0
0001   1303               M         bcf STATUS, RP1 
0002   1585               M         bsf     SDA                     ; SDA high
0003   0000               M         nop
                          M         SET_BANK1
0004   1683               M         bsf STATUS, RP0
0005   1303               M         bcf STATUS, RP1 
Message[302]: Register in operand not in bank 0.  Ensure that bank bits are correct.
0006   1505               M         bsf     TRIS_SCL                ; SCL high (input)
                          M         SET_BANK0
0007   1283               M         bcf STATUS, RP0
0008   1303               M         bcf STATUS, RP1 
0009   1185               M         bcf     SDA                     ; SDA low (start)
000A   ???? ????      00068         banksel SS
000C   30D0           00069         movlw   b'11010000' ;0D0h                       ; slave address + write
000D   2???           00070         call    write_RTC
000E   3000           00071         movlw   0x00                    ; set word address to seconds register
000F   2???           00072         call    write_RTC
                      00073         RTC_START
                          M         SET_BANK0
0010   1283               M         bcf STATUS, RP0
0011   1303               M         bcf STATUS, RP1 
0012   1585               M         bsf     SDA                     ; SDA high
0013   0000               M         nop
                          M         SET_BANK1
0014   1683               M         bsf STATUS, RP0
0015   1303               M         bcf STATUS, RP1 
Message[302]: Register in operand not in bank 0.  Ensure that bank bits are correct.
0016   1505               M         bsf     TRIS_SCL                ; SCL high (input)
MPASM  5.51                       RTCTIME.ASM   3-2-2018  18:39:07         PAGE  3


LOC  OBJECT CODE     LINE SOURCE TEXT
  VALUE

                          M         SET_BANK0
0017   1283               M         bcf STATUS, RP0
0018   1303               M         bcf STATUS, RP1 
0019   1185               M         bcf     SDA                     ; SDA low (start)
001A   30D1           00074         movlw   b'11010001';0D1h                        ; slave address + read
001B   2???           00075         call    write_RTC
001C   2???           00076         call    read_RTC                ; read the seconds data
001D   ???? ????      00077         banksel SS
001F   00??           00078         movwf   SS                      ; save it
0020   2???           00079         call    ack;
0021   2???           00080         call    read_RTC                ; and so on
0022   ???? ????      00081         banksel MM
0024   00??           00082         movwf   MM
0025   2???           00083         call    ack;
0026   2???           00084         call    read_RTC
0027   ???? ????      00085         banksel HH
0029   00??           00086         movwf   HH
002A   2???           00087         call    ack;
002B   2???           00088         call    read_RTC
002C   ???? ????      00089         banksel WD
002E   00??           00090         movwf   WD
002F   2???           00091         call    ack;
0030   2???           00092         call    read_RTC
0031   ???? ????      00093         banksel DD
0033   00??           00094         movwf   DD
0034   2???           00095         call    ack;
0035   2???           00096         call    read_RTC
0036   ???? ????      00097         banksel MO
0038   00??           00098         movwf   MO
0039   2???           00099         call    ack;
003A   2???           00100         call    read_RTC
003B   ???? ????      00101         banksel YY
003D   00??           00102         movwf   YY
003E   2???           00103         call    nack;
                      00104         RTC_STOP
                          M         SET_BANK0
003F   1283               M         bcf STATUS, RP0
0040   1303               M         bcf STATUS, RP1 
0041   1185               M         bcf     SDA                     ; SDA low
0042   0000               M         nop
0043   0000               M         nop
                          M         SET_BANK1
0044   1683               M         bsf STATUS, RP0
0045   1303               M         bcf STATUS, RP1 
Message[302]: Register in operand not in bank 0.  Ensure that bank bits are correct.
0046   1505               M         bsf     TRIS_SCL                ; SCL high (input)
                          M         SET_BANK0
0047   1283               M         bcf STATUS, RP0
0048   1303               M         bcf STATUS, RP1 
0049   1585               M         bsf     SDA                     ; SDA high
004A   0008           00105         return
                      00106 ;-----------------------------------------------------------------------
                      00107 ;- Считать отдельно значение времени
MPASM  5.51                       RTCTIME.ASM   3-2-2018  18:39:07         PAGE  4


LOC  OBJECT CODE     LINE SOURCE TEXT
  VALUE

                      00108 ;ReadTime(HH,MM,SS)
004B                  00109 ReadTime
                      00110         RTC_START
                          M         SET_BANK0
004B   1283               M         bcf STATUS, RP0
004C   1303               M         bcf STATUS, RP1 
004D   1585               M         bsf     SDA                     ; SDA high
004E   0000               M         nop
                          M         SET_BANK1
004F   1683               M         bsf STATUS, RP0
0050   1303               M         bcf STATUS, RP1 
Message[302]: Register in operand not in bank 0.  Ensure that bank bits are correct.
0051   1505               M         bsf     TRIS_SCL                ; SCL high (input)
                          M         SET_BANK0
0052   1283               M         bcf STATUS, RP0
0053   1303               M         bcf STATUS, RP1 
0054   1185               M         bcf     SDA                     ; SDA low (start)
0055   ???? ????      00111         banksel SS
0057   30D0           00112         movlw   b'11010000' ;0D0h                       ; slave address + write
0058   2???           00113         call    write_RTC
0059   3000           00114         movlw   0x00                    ; set word address to seconds register
005A   2???           00115         call    write_RTC
                      00116         RTC_START
                          M         SET_BANK0
005B   1283               M         bcf STATUS, RP0
005C   1303               M         bcf STATUS, RP1 
005D   1585               M         bsf     SDA                     ; SDA high
005E   0000               M         nop
                          M         SET_BANK1
005F   1683               M         bsf STATUS, RP0
0060   1303               M         bcf STATUS, RP1 
Message[302]: Register in operand not in bank 0.  Ensure that bank bits are correct.
0061   1505               M         bsf     TRIS_SCL                ; SCL high (input)
                          M         SET_BANK0
0062   1283               M         bcf STATUS, RP0
0063   1303               M         bcf STATUS, RP1 
0064   1185               M         bcf     SDA                     ; SDA low (start)
0065   30D1           00117         movlw   b'11010001';0D1h                        ; slave address + read
0066   2???           00118         call    write_RTC
0067   2???           00119         call    read_RTC                ; read the seconds data
0068   ???? ????      00120         banksel SS
006A   00??           00121         movwf   SS                      ; save it
006B   2???           00122         call    ack;
006C   2???           00123         call    read_RTC                ; and so on
006D   ???? ????      00124         banksel MM
006F   00??           00125         movwf   MM
0070   2???           00126         call    ack;
0071   2???           00127         call    read_RTC
0072   ???? ????      00128         banksel HH
0074   00??           00129         movwf   HH
0075   2???           00130         call    nack;
                      00131         RTC_STOP
                          M         SET_BANK0
MPASM  5.51                       RTCTIME.ASM   3-2-2018  18:39:07         PAGE  5


LOC  OBJECT CODE     LINE SOURCE TEXT
  VALUE

0076   1283               M         bcf STATUS, RP0
0077   1303               M         bcf STATUS, RP1 
0078   1185               M         bcf     SDA                     ; SDA low
0079   0000               M         nop
007A   0000               M         nop
                          M         SET_BANK1
007B   1683               M         bsf STATUS, RP0
007C   1303               M         bcf STATUS, RP1 
Message[302]: Register in operand not in bank 0.  Ensure that bank bits are correct.
007D   1505               M         bsf     TRIS_SCL                ; SCL high (input)
                          M         SET_BANK0
007E   1283               M         bcf STATUS, RP0
007F   1303               M         bcf STATUS, RP1 
0080   1585               M         bsf     SDA                     ; SDA high
0081   0008           00132         return
                      00133 ;-----------------------------------------------------------------------
                      00134 ;- Считать отдельно дату
                      00135 ;ReadDate(DD,MO,YY)
0082                  00136 ReadDate
                      00137         RTC_START
                          M         SET_BANK0
0082   1283               M         bcf STATUS, RP0
0083   1303               M         bcf STATUS, RP1 
0084   1585               M         bsf     SDA                     ; SDA high
0085   0000               M         nop
                          M         SET_BANK1
0086   1683               M         bsf STATUS, RP0
0087   1303               M         bcf STATUS, RP1 
Message[302]: Register in operand not in bank 0.  Ensure that bank bits are correct.
0088   1505               M         bsf     TRIS_SCL                ; SCL high (input)
                          M         SET_BANK0
0089   1283               M         bcf STATUS, RP0
008A   1303               M         bcf STATUS, RP1 
008B   1185               M         bcf     SDA                     ; SDA low (start)
008C   ???? ????      00138         banksel SS
008E   30D0           00139         movlw   b'11010000' ;0D0h                       ; slave address + write
008F   2???           00140         call    write_RTC
0090   3004           00141         movlw   0x04                    ; адрес регистра с датой
0091   2???           00142         call    write_RTC
                      00143         RTC_START
                          M         SET_BANK0
0092   1283               M         bcf STATUS, RP0
0093   1303               M         bcf STATUS, RP1 
0094   1585               M         bsf     SDA                     ; SDA high
0095   0000               M         nop
                          M         SET_BANK1
0096   1683               M         bsf STATUS, RP0
0097   1303               M         bcf STATUS, RP1 
Message[302]: Register in operand not in bank 0.  Ensure that bank bits are correct.
0098   1505               M         bsf     TRIS_SCL                ; SCL high (input)
                          M         SET_BANK0
0099   1283               M         bcf STATUS, RP0
009A   1303               M         bcf STATUS, RP1 
MPASM  5.51                       RTCTIME.ASM   3-2-2018  18:39:07         PAGE  6


LOC  OBJECT CODE     LINE SOURCE TEXT
  VALUE

009B   1185               M         bcf     SDA                     ; SDA low (start)
009C   ???? ????      00144         banksel DD
009E   30D1           00145         movlw   b'11010001';0D1h                        ; slave address + read
009F   2???           00146         call    write_RTC
00A0   2???           00147         call    read_RTC                ; read the seconds data
00A1   ???? ????      00148         banksel DD
00A3   00??           00149         movwf   DD
00A4   2???           00150         call    ack;
00A5   2???           00151         call    read_RTC
00A6   ???? ????      00152         banksel MO
00A8   00??           00153         movwf   MO
00A9   2???           00154         call    ack;
00AA   2???           00155         call    read_RTC
00AB   ???? ????      00156         banksel YY
00AD   00??           00157         movwf   YY
00AE   2???           00158         call    nack;
                      00159         RTC_STOP
                          M         SET_BANK0
00AF   1283               M         bcf STATUS, RP0
00B0   1303               M         bcf STATUS, RP1 
00B1   1185               M         bcf     SDA                     ; SDA low
00B2   0000               M         nop
00B3   0000               M         nop
                          M         SET_BANK1
00B4   1683               M         bsf STATUS, RP0
00B5   1303               M         bcf STATUS, RP1 
Message[302]: Register in operand not in bank 0.  Ensure that bank bits are correct.
00B6   1505               M         bsf     TRIS_SCL                ; SCL high (input)
                          M         SET_BANK0
00B7   1283               M         bcf STATUS, RP0
00B8   1303               M         bcf STATUS, RP1 
00B9   1585               M         bsf     SDA                     ; SDA high
00BA   0008           00160         return
                      00161 ;-----------------------------------------------------------------------
                      00162 ;- Считать отдельно день недели
                      00163 ;ReadDayofWeek(DW)
00BB                  00164 ReadDayofWeek
                      00165         RTC_START
                          M         SET_BANK0
00BB   1283               M         bcf STATUS, RP0
00BC   1303               M         bcf STATUS, RP1 
00BD   1585               M         bsf     SDA                     ; SDA high
00BE   0000               M         nop
                          M         SET_BANK1
00BF   1683               M         bsf STATUS, RP0
00C0   1303               M         bcf STATUS, RP1 
Message[302]: Register in operand not in bank 0.  Ensure that bank bits are correct.
00C1   1505               M         bsf     TRIS_SCL                ; SCL high (input)
                          M         SET_BANK0
00C2   1283               M         bcf STATUS, RP0
00C3   1303               M         bcf STATUS, RP1 
00C4   1185               M         bcf     SDA                     ; SDA low (start)
00C5   ???? ????      00166         banksel SS
MPASM  5.51                       RTCTIME.ASM   3-2-2018  18:39:07         PAGE  7


LOC  OBJECT CODE     LINE SOURCE TEXT
  VALUE

00C7   30D0           00167         movlw   b'11010000' ;0D0h                       ; slave address + write
00C8   2???           00168         call    write_RTC
00C9   3003           00169         movlw   0x03                    ; адрес регистра с днем недели
00CA   2???           00170         call    write_RTC
                      00171         RTC_START
                          M         SET_BANK0
00CB   1283               M         bcf STATUS, RP0
00CC   1303               M         bcf STATUS, RP1 
00CD   1585               M         bsf     SDA                     ; SDA high
00CE   0000               M         nop
                          M         SET_BANK1
00CF   1683               M         bsf STATUS, RP0
00D0   1303               M         bcf STATUS, RP1 
Message[302]: Register in operand not in bank 0.  Ensure that bank bits are correct.
00D1   1505               M         bsf     TRIS_SCL                ; SCL high (input)
                          M         SET_BANK0
00D2   1283               M         bcf STATUS, RP0
00D3   1303               M         bcf STATUS, RP1 
00D4   1185               M         bcf     SDA                     ; SDA low (start)
00D5   ???? ????      00172         banksel SS
00D7   30D1           00173         movlw   b'11010001';0D1h                        ; slave address + read
00D8   2???           00174         call    write_RTC
00D9   2???           00175         call    read_RTC                ; read the seconds data
00DA   ???? ????      00176         banksel WD
00DC   00??           00177         movwf   WD
00DD   2???           00178         call    nack;
                      00179         RTC_STOP
                          M         SET_BANK0
00DE   1283               M         bcf STATUS, RP0
00DF   1303               M         bcf STATUS, RP1 
00E0   1185               M         bcf     SDA                     ; SDA low
00E1   0000               M         nop
00E2   0000               M         nop
                          M         SET_BANK1
00E3   1683               M         bsf STATUS, RP0
00E4   1303               M         bcf STATUS, RP1 
Message[302]: Register in operand not in bank 0.  Ensure that bank bits are correct.
00E5   1505               M         bsf     TRIS_SCL                ; SCL high (input)
                          M         SET_BANK0
00E6   1283               M         bcf STATUS, RP0
00E7   1303               M         bcf STATUS, RP1 
00E8   1585               M         bsf     SDA                     ; SDA high
00E9   0008           00180         return
                      00181 ;-----------------------------------------------------------------------
                      00182 ;- Установить все временные параметры
                      00183 ;WriteRTC(HH,MM,SS,DW,DD,MO,YY)
00EA                  00184 WriteRTC
                      00185         RTC_START
                          M         SET_BANK0
00EA   1283               M         bcf STATUS, RP0
00EB   1303               M         bcf STATUS, RP1 
00EC   1585               M         bsf     SDA                     ; SDA high
00ED   0000               M         nop
MPASM  5.51                       RTCTIME.ASM   3-2-2018  18:39:07         PAGE  8


LOC  OBJECT CODE     LINE SOURCE TEXT
  VALUE

                          M         SET_BANK1
00EE   1683               M         bsf STATUS, RP0
00EF   1303               M         bcf STATUS, RP1 
Message[302]: Register in operand not in bank 0.  Ensure that bank bits are correct.
00F0   1505               M         bsf     TRIS_SCL                ; SCL high (input)
                          M         SET_BANK0
00F1   1283               M         bcf STATUS, RP0
00F2   1303               M         bcf STATUS, RP1 
00F3   1185               M         bcf     SDA                     ; SDA low (start)
00F4   30D0           00186         movlw   b'11010000';0D0h                        ; slave address + write
00F5   2???           00187         call    write_RTC
00F6   3000           00188         movlw   0x00                    ; set word address to seconds register
00F7   2???           00189         call    write_RTC
00F8   ???? ????      00190         banksel SS
00FA   08??           00191         movf    SS,0 ;секунды
00FB   2???           00192         call    write_RTC
00FC   ???? ????      00193         banksel MM
00FE   08??           00194         movf    MM,0 ;минуты
00FF   2???           00195         call    write_RTC
0100   ???? ????      00196         banksel HH
0102   08??           00197         movf    HH,0 ;часы
0103   2???           00198         call    write_RTC
0104   ???? ????      00199         banksel WD
0106   08??           00200         movf    WD,0 ;день недели
0107   2???           00201         call    write_RTC
0108   ???? ????      00202         banksel DD
010A   08??           00203         movf    DD,0 ;число
010B   2???           00204         call    write_RTC
010C   ???? ????      00205         banksel MO
010E   08??           00206         movf    MO,0 ;месяц
010F   2???           00207         call    write_RTC
0110   ???? ????      00208         banksel YY
0112   08??           00209         movf    YY,0 ;год
0113   2???           00210         call    write_RTC
                      00211         RTC_STOP
                          M         SET_BANK0
0114   1283               M         bcf STATUS, RP0
0115   1303               M         bcf STATUS, RP1 
0116   1185               M         bcf     SDA                     ; SDA low
0117   0000               M         nop
0118   0000               M         nop
                          M         SET_BANK1
0119   1683               M         bsf STATUS, RP0
011A   1303               M         bcf STATUS, RP1 
Message[302]: Register in operand not in bank 0.  Ensure that bank bits are correct.
011B   1505               M         bsf     TRIS_SCL                ; SCL high (input)
                          M         SET_BANK0
011C   1283               M         bcf STATUS, RP0
011D   1303               M         bcf STATUS, RP1 
011E   1585               M         bsf     SDA                     ; SDA high
011F   0008           00212         return
                      00213 ;-----------------------------------------------------------------------
                      00214 ;- Установить время (не меняя при этом все остальное)
MPASM  5.51                       RTCTIME.ASM   3-2-2018  18:39:07         PAGE  9


LOC  OBJECT CODE     LINE SOURCE TEXT
  VALUE

                      00215 ;WriteTime(HH,MM,SS)
0120                  00216 WriteTime
                      00217         RTC_START
                          M         SET_BANK0
0120   1283               M         bcf STATUS, RP0
0121   1303               M         bcf STATUS, RP1 
0122   1585               M         bsf     SDA                     ; SDA high
0123   0000               M         nop
                          M         SET_BANK1
0124   1683               M         bsf STATUS, RP0
0125   1303               M         bcf STATUS, RP1 
Message[302]: Register in operand not in bank 0.  Ensure that bank bits are correct.
0126   1505               M         bsf     TRIS_SCL                ; SCL high (input)
                          M         SET_BANK0
0127   1283               M         bcf STATUS, RP0
0128   1303               M         bcf STATUS, RP1 
0129   1185               M         bcf     SDA                     ; SDA low (start)
012A   ???? ????      00218         banksel SS
012C   30D0           00219         movlw   b'11010000';0D0h                        ; slave address + write
012D   2???           00220         call    write_RTC
012E   3000           00221         movlw   0x00                    ; set word address to seconds register
012F   2???           00222         call    write_RTC
0130   ???? ????      00223         banksel SS
0132   08??           00224         movf    SS,0 ;секунды
0133   2???           00225         call    write_RTC
0134   ???? ????      00226         banksel MM
0136   08??           00227         movf    MM,0 ;минуты
0137   2???           00228         call    write_RTC
0138   ???? ????      00229         banksel HH
013A   08??           00230         movf    HH,0 ;часы
013B   2???           00231         call    write_RTC
                      00232         RTC_STOP
                          M         SET_BANK0
013C   1283               M         bcf STATUS, RP0
013D   1303               M         bcf STATUS, RP1 
013E   1185               M         bcf     SDA                     ; SDA low
013F   0000               M         nop
0140   0000               M         nop
                          M         SET_BANK1
0141   1683               M         bsf STATUS, RP0
0142   1303               M         bcf STATUS, RP1 
Message[302]: Register in operand not in bank 0.  Ensure that bank bits are correct.
0143   1505               M         bsf     TRIS_SCL                ; SCL high (input)
                          M         SET_BANK0
0144   1283               M         bcf STATUS, RP0
0145   1303               M         bcf STATUS, RP1 
0146   1585               M         bsf     SDA                     ; SDA high
0147   0008           00233         return
                      00234 ;-----------------------------------------------------------------------
                      00235 ;- Установить дату (не меняя при этом все остальное)
                      00236 ;WriteDate(DD,MO,YY)
0148                  00237 WriteDate
                      00238         RTC_START
MPASM  5.51                       RTCTIME.ASM   3-2-2018  18:39:07         PAGE 10


LOC  OBJECT CODE     LINE SOURCE TEXT
  VALUE

                          M         SET_BANK0
0148   1283               M         bcf STATUS, RP0
0149   1303               M         bcf STATUS, RP1 
014A   1585               M         bsf     SDA                     ; SDA high
014B   0000               M         nop
                          M         SET_BANK1
014C   1683               M         bsf STATUS, RP0
014D   1303               M         bcf STATUS, RP1 
Message[302]: Register in operand not in bank 0.  Ensure that bank bits are correct.
014E   1505               M         bsf     TRIS_SCL                ; SCL high (input)
                          M         SET_BANK0
014F   1283               M         bcf STATUS, RP0
0150   1303               M         bcf STATUS, RP1 
0151   1185               M         bcf     SDA                     ; SDA low (start)
0152   ???? ????      00239         banksel SS
0154   30D0           00240         movlw   b'11010000';0D0h                        ; slave address + write
0155   2???           00241         call    write_RTC
0156   3004           00242         movlw   0x04                    ; адрес регистра с датой
0157   2???           00243         call    write_RTC
0158   ???? ????      00244         banksel DD
015A   08??           00245         movf    DD,0 ;число
015B   2???           00246         call    write_RTC
015C   ???? ????      00247         banksel MO
015E   08??           00248         movf    MO,0 ;месяц
015F   2???           00249         call    write_RTC
0160   ???? ????      00250         banksel YY
0162   08??           00251         movf    YY,0 ;год
0163   2???           00252         call    write_RTC
                      00253         RTC_STOP
                          M         SET_BANK0
0164   1283               M         bcf STATUS, RP0
0165   1303               M         bcf STATUS, RP1 
0166   1185               M         bcf     SDA                     ; SDA low
0167   0000               M         nop
0168   0000               M         nop
                          M         SET_BANK1
0169   1683               M         bsf STATUS, RP0
016A   1303               M         bcf STATUS, RP1 
Message[302]: Register in operand not in bank 0.  Ensure that bank bits are correct.
016B   1505               M         bsf     TRIS_SCL                ; SCL high (input)
                          M         SET_BANK0
016C   1283               M         bcf STATUS, RP0
016D   1303               M         bcf STATUS, RP1 
016E   1585               M         bsf     SDA                     ; SDA high
016F   0008           00254         return
                      00255 ;-----------------------------------------------------------------------
                      00256 ;- Установить день недели (не меняя при этом все остальное)
                      00257 ;WriteDayofWeek(DW)
0170                  00258 WriteDayofWeek
                      00259         RTC_START
                          M         SET_BANK0
0170   1283               M         bcf STATUS, RP0
0171   1303               M         bcf STATUS, RP1 
MPASM  5.51                       RTCTIME.ASM   3-2-2018  18:39:07         PAGE 11


LOC  OBJECT CODE     LINE SOURCE TEXT
  VALUE

0172   1585               M         bsf     SDA                     ; SDA high
0173   0000               M         nop
                          M         SET_BANK1
0174   1683               M         bsf STATUS, RP0
0175   1303               M         bcf STATUS, RP1 
Message[302]: Register in operand not in bank 0.  Ensure that bank bits are correct.
0176   1505               M         bsf     TRIS_SCL                ; SCL high (input)
                          M         SET_BANK0
0177   1283               M         bcf STATUS, RP0
0178   1303               M         bcf STATUS, RP1 
0179   1185               M         bcf     SDA                     ; SDA low (start)
017A   ???? ????      00260         banksel WD
017C   30D0           00261         movlw   b'11010000';0D0h                        ; slave address + write
017D   2???           00262         call    write_RTC
017E   3003           00263         movlw   0x03                    ; адрес регистра с днем недели
017F   2???           00264         call    write_RTC
0180   ???? ????      00265         banksel WD
0182   08??           00266         movf    WD,0 ;день недели
0183   2???           00267         call    write_RTC
                      00268         RTC_STOP
                          M         SET_BANK0
0184   1283               M         bcf STATUS, RP0
0185   1303               M         bcf STATUS, RP1 
0186   1185               M         bcf     SDA                     ; SDA low
0187   0000               M         nop
0188   0000               M         nop
                          M         SET_BANK1
0189   1683               M         bsf STATUS, RP0
018A   1303               M         bcf STATUS, RP1 
Message[302]: Register in operand not in bank 0.  Ensure that bank bits are correct.
018B   1505               M         bsf     TRIS_SCL                ; SCL high (input)
                          M         SET_BANK0
018C   1283               M         bcf STATUS, RP0
018D   1303               M         bcf STATUS, RP1 
018E   1585               M         bsf     SDA                     ; SDA high
018F   0008           00269         return
                      00270 ;---- Read RTC into W  ----
0190                  00271 read_RTC:
                      00272         SET_BANK1
0190   1683               M         bsf STATUS, RP0
0191   1303               M         bcf STATUS, RP1 
Message[302]: Register in operand not in bank 0.  Ensure that bank bits are correct.
0192   1585           00273         bsf     TRIS_SDA                ; set SDA for input
0193   ???? ????      00274         banksel COUNT
0195   3008           00275         movlw   .8              ; send 8 bits
0196   00??           00276         movwf   COUNT
                      00277         SET_BANK0
0197   1283               M         bcf STATUS, RP0
0198   1303               M         bcf STATUS, RP1 
0199   1105           00278         bcf     SCL                     ; clock data out
                      00279         SET_BANK1
019A   1683               M         bsf STATUS, RP0
019B   1303               M         bcf STATUS, RP1 
MPASM  5.51                       RTCTIME.ASM   3-2-2018  18:39:07         PAGE 12


LOC  OBJECT CODE     LINE SOURCE TEXT
  VALUE

Message[302]: Register in operand not in bank 0.  Ensure that bank bits are correct.
019C   1105           00280         bcf     TRIS_SCL                ; SCL low (output)
019D   ???? ????      00281         banksel TMP
019F   01??           00282         clrf    TMP                     ; clear var
01A0   0D??           00283         rlf     TMP, 1                  ; rotate carry in
01A1   01??           00284         clrf    TMP                     ; clear var again
01A2                  00285 I2C_read_loop:
01A2   0D??           00286         rlf     TMP, 1
                      00287         SET_BANK1
01A3   1683               M         bsf STATUS, RP0
01A4   1303               M         bcf STATUS, RP1 
Message[302]: Register in operand not in bank 0.  Ensure that bank bits are correct.
01A5   1505           00288         bsf     TRIS_SCL                ; SCL high (input)
                      00289         SET_BANK0
01A6   1283               M         bcf STATUS, RP0
01A7   1303               M         bcf STATUS, RP1 
01A8   1985           00290         btfsc   SDA
01A9   2???           00291         goto set_TMP                    ; if data out = 1, set bit
01AA                  00292 cont_I2C_r
                      00293         SET_BANK0
01AA   1283               M         bcf STATUS, RP0
01AB   1303               M         bcf STATUS, RP1 
01AC   1105           00294         bcf     SCL
                      00295         SET_BANK1
01AD   1683               M         bsf STATUS, RP0
01AE   1303               M         bcf STATUS, RP1 
Message[302]: Register in operand not in bank 0.  Ensure that bank bits are correct.
01AF   1105           00296         bcf     TRIS_SCL                ; SCL low (output)
01B0   ???? ????      00297         banksel COUNT
01B2   0B??           00298         decfsz  COUNT, 1
01B3   2???           00299         goto    I2C_read_loop
01B4   ???? ????      00300         banksel TMP
01B6   08??           00301         movf    TMP, W
01B7   0008           00302         return
01B8                  00303 set_TMP
01B8   ???? ????      00304         banksel TMP
01BA   1400           00305         bsf TMP,0
01BB   2???           00306         goto cont_I2C_r
                      00307 ;---- ACK read (assumes SCL=0 on entry) ----
01BC                  00308 ack:
                      00309         SET_BANK0
01BC   1283               M         bcf STATUS, RP0
01BD   1303               M         bcf STATUS, RP1 
01BE   1185           00310         bcf             SDA
                      00311         SET_BANK1
01BF   1683               M         bsf STATUS, RP0
01C0   1303               M         bcf STATUS, RP1 
Message[302]: Register in operand not in bank 0.  Ensure that bank bits are correct.
01C1   1185           00312         bcf     TRIS_SDA                ; set SDA for output
                      00313         SET_BANK0
01C2   1283               M         bcf STATUS, RP0
01C3   1303               M         bcf STATUS, RP1 
                      00314         SET_BANK1
MPASM  5.51                       RTCTIME.ASM   3-2-2018  18:39:07         PAGE 13


LOC  OBJECT CODE     LINE SOURCE TEXT
  VALUE

01C4   1683               M         bsf STATUS, RP0
01C5   1303               M         bcf STATUS, RP1 
Message[302]: Register in operand not in bank 0.  Ensure that bank bits are correct.
01C6   1505           00315         bsf     TRIS_SCL                ; SCL high (input)
                      00316         SET_BANK0
01C7   1283               M         bcf STATUS, RP0
01C8   1303               M         bcf STATUS, RP1 
01C9   0000           00317         nop
01CA   1105           00318         bcf     SCL
                      00319         SET_BANK1
01CB   1683               M         bsf STATUS, RP0
01CC   1303               M         bcf STATUS, RP1 
Message[302]: Register in operand not in bank 0.  Ensure that bank bits are correct.
01CD   1105           00320         bcf     TRIS_SCL                ; SCL low (output)
01CE   ???? ????      00321         banksel SS
01D0   0008           00322         return
                      00323 ;---- NACK read (assumes SCL = 0 on entry) ----
01D1                  00324 nack:
                      00325         SET_BANK0
01D1   1283               M         bcf STATUS, RP0
01D2   1303               M         bcf STATUS, RP1 
01D3   1585           00326         bsf     SDA
                      00327         SET_BANK1
01D4   1683               M         bsf STATUS, RP0
01D5   1303               M         bcf STATUS, RP1 
Message[302]: Register in operand not in bank 0.  Ensure that bank bits are correct.
01D6   1185           00328         bcf     TRIS_SDA                ; set SDA for output
                      00329         SET_BANK0
01D7   1283               M         bcf STATUS, RP0
01D8   1303               M         bcf STATUS, RP1 
                      00330         SET_BANK1
01D9   1683               M         bsf STATUS, RP0
01DA   1303               M         bcf STATUS, RP1 
Message[302]: Register in operand not in bank 0.  Ensure that bank bits are correct.
01DB   1505           00331         bsf     TRIS_SCL                ; SCL high (input)
                      00332         SET_BANK0
01DC   1283               M         bcf STATUS, RP0
01DD   1303               M         bcf STATUS, RP1 
01DE   1105           00333         bcf     SCL
                      00334         SET_BANK1
01DF   1683               M         bsf STATUS, RP0
01E0   1303               M         bcf STATUS, RP1 
Message[302]: Register in operand not in bank 0.  Ensure that bank bits are correct.
01E1   1105           00335         bcf     TRIS_SCL                ; SCL low (output)
01E2   ???? ????      00336         banksel SS
01E4   0008           00337         return
                      00338 ;--- Write the byte in W to RTC ---
01E5                  00339 write_RTC:
01E5   ???? ????      00340         banksel TMP
01E7   00??           00341         movwf   TMP                     ;Save the data
                      00342 ;--- Do a I2C bus write of byte in 'TMP' ---
01E8                  00343 I2C_write:
                      00344         SET_BANK1
MPASM  5.51                       RTCTIME.ASM   3-2-2018  18:39:07         PAGE 14


LOC  OBJECT CODE     LINE SOURCE TEXT
  VALUE

01E8   1683               M         bsf STATUS, RP0
01E9   1303               M         bcf STATUS, RP1 
Message[302]: Register in operand not in bank 0.  Ensure that bank bits are correct.
01EA   1185           00345         bcf     TRIS_SDA                ; set SDA for output
01EB   ???? ????      00346         banksel COUNT
01ED   3008           00347         movlw   .8                      ; send 8 bits
01EE   00??           00348         movwf   COUNT
                      00349         SET_BANK0
01EF   1283               M         bcf STATUS, RP0
01F0   1303               M         bcf STATUS, RP1 
01F1   1105           00350         bcf     SCL
                      00351         SET_BANK1
01F2   1683               M         bsf STATUS, RP0
01F3   1303               M         bcf STATUS, RP1 
Message[302]: Register in operand not in bank 0.  Ensure that bank bits are correct.
01F4   1105           00352         bcf     TRIS_SCL                ; SCL low (output)
01F5                  00353 I2C_w_loop:
                      00354         SET_BANK0
01F5   1283               M         bcf STATUS, RP0
01F6   1303               M         bcf STATUS, RP1 
01F7   1185           00355         bcf     SDA                     ; assume data out is low
01F8   ???? ????      00356         banksel TMP
01FA   1B80           00357         btfsc   TMP, 7
01FB   2???           00358         call set_SDA    
                      00359         ; nop
                      00360         SET_BANK1
01FC   1683               M         bsf STATUS, RP0
01FD   1303               M         bcf STATUS, RP1 
Message[302]: Register in operand not in bank 0.  Ensure that bank bits are correct.
01FE   1505           00361         bsf     TRIS_SCL                ; SCL high (input)
01FF   ???? ????      00362         banksel TMP
0201   0D??           00363         rlf     TMP, 1
                      00364         SET_BANK0
0202   1283               M         bcf STATUS, RP0
0203   1303               M         bcf STATUS, RP1 
0204   1105           00365         bcf     SCL                     ; clock it in
                      00366         SET_BANK1
0205   1683               M         bsf STATUS, RP0
0206   1303               M         bcf STATUS, RP1 
Message[302]: Register in operand not in bank 0.  Ensure that bank bits are correct.
0207   1105           00367         bcf     TRIS_SCL                ; SCL low (output)
0208   ???? ????      00368         banksel COUNT
020A   0B??           00369         decfsz  COUNT, 1
020B   2???           00370         goto    I2C_w_loop
                      00371         SET_BANK1
020C   1683               M         bsf STATUS, RP0
020D   1303               M         bcf STATUS, RP1 
Message[302]: Register in operand not in bank 0.  Ensure that bank bits are correct.
020E   1585           00372         bsf     TRIS_SDA                ; set SDA for input
                      00373         SET_BANK0
020F   1283               M         bcf STATUS, RP0
0210   1303               M         bcf STATUS, RP1 
0211   1105           00374         bcf     SCL
MPASM  5.51                       RTCTIME.ASM   3-2-2018  18:39:07         PAGE 15


LOC  OBJECT CODE     LINE SOURCE TEXT
  VALUE

                      00375         SET_BANK1
0212   1683               M         bsf STATUS, RP0
0213   1303               M         bcf STATUS, RP1 
Message[302]: Register in operand not in bank 0.  Ensure that bank bits are correct.
0214   1105           00376         bcf     TRIS_SCL                ; SCL low (output)
0215   0000           00377         nop
0216   0000           00378         nop
0217   0000           00379         nop
0218   0000           00380         nop
Message[302]: Register in operand not in bank 0.  Ensure that bank bits are correct.
0219   1505           00381         bsf     TRIS_SCL                ; SCL high (input)
                      00382         SET_BANK0
021A   1283               M         bcf STATUS, RP0
021B   1303               M         bcf STATUS, RP1 
021C   1105           00383         bcf             SCL
                      00384         SET_BANK1
021D   1683               M         bsf STATUS, RP0
021E   1303               M         bcf STATUS, RP1 
Message[302]: Register in operand not in bank 0.  Ensure that bank bits are correct.
021F   1105           00385         bcf     TRIS_SCL                ; SCL low (output)
                      00386         SET_BANK0
0220   1283               M         bcf STATUS, RP0
0221   1303               M         bcf STATUS, RP1 
0222   0008           00387         return
0223                  00388 set_SDA
                      00389         SET_BANK0
0223   1283               M         bcf STATUS, RP0
0224   1303               M         bcf STATUS, RP1 
0225   1585           00390         bsf     SDA                     ; if data out = 1, set bit
0226   0008           00391         return
                      00392 ;----------------------------------------------------------------------
                      00393         end
MPASM  5.51                       RTCTIME.ASM   3-2-2018  18:39:07         PAGE 16


SYMBOL TABLE
  LABEL                             VALUE 

ABDEN                             00000000
ABDOVF                            00000007
ACKDT                             00000005
ACKEN                             00000004
ACKSTAT                           00000006
ADCON0                            0000001F
ADCON1                            0000009F
ADCS0                             00000006
ADCS1                             00000007
ADDEN                             00000003
ADFM                              00000007
ADIE                              00000006
ADIF                              00000006
ADON                              00000000
ADRESH                            0000001E
ADRESL                            0000009E
ANS0                              00000000
ANS1                              00000001
ANS10                             00000002
ANS11                             00000003
ANS12                             00000004
ANS13                             00000005
ANS2                              00000002
ANS3                              00000003
ANS4                              00000004
ANS5                              00000005
ANS6                              00000006
ANS7                              00000007
ANS8                              00000000
ANS9                              00000001
ANSEL                             00000188
ANSELH                            00000189
BAUDCTL                           00000187
BCLIE                             00000003
BCLIF                             00000003
BF                                00000000
BRG0                              00000000
BRG1                              00000001
BRG10                             00000002
BRG11                             00000003
BRG12                             00000004
BRG13                             00000005
BRG14                             00000006
BRG15                             00000007
BRG16                             00000003
BRG2                              00000002
BRG3                              00000003
BRG4                              00000004
BRG5                              00000005
BRG6                              00000006
BRG7                              00000007
BRG8                              00000000
BRG9                              00000001
MPASM  5.51                       RTCTIME.ASM   3-2-2018  18:39:07         PAGE 17


SYMBOL TABLE
  LABEL                             VALUE 

BRGH                              00000002
C                                 00000000
C1CH0                             00000000
C1CH1                             00000001
C1IE                              00000005
C1IF                              00000005
C1OE                              00000005
C1ON                              00000007
C1OUT                             00000006
C1POL                             00000004
C1R                               00000002
C1RSEL                            00000005
C1SEN                             00000005
C2CH0                             00000000
C2CH1                             00000001
C2IE                              00000006
C2IF                              00000006
C2OE                              00000005
C2ON                              00000007
C2OUT                             00000006
C2POL                             00000004
C2R                               00000002
C2REN                             00000004
C2RSEL                            00000004
C2SYNC                            00000000
CCP1CON                           00000017
CCP1IE                            00000002
CCP1IF                            00000002
CCP1M0                            00000000
CCP1M1                            00000001
CCP1M2                            00000002
CCP1M3                            00000003
CCP1X                             00000005
CCP1Y                             00000004
CCP2CON                           0000001D
CCP2IE                            00000000
CCP2IF                            00000000
CCP2M0                            00000000
CCP2M1                            00000001
CCP2M2                            00000002
CCP2M3                            00000003
CCP2X                             00000005
CCP2Y                             00000004
CCPR1                             00000015
CCPR1H                            00000016
CCPR1L                            00000015
CCPR2                             0000001B
CCPR2H                            0000001C
CCPR2L                            0000001B
CHS0                              00000002
CHS1                              00000003
CHS2                              00000004
CHS3                              00000005
MPASM  5.51                       RTCTIME.ASM   3-2-2018  18:39:07         PAGE 18


SYMBOL TABLE
  LABEL                             VALUE 

CKE                               00000006
CKP                               00000004
CM1CON0                           00000107
CM2CON0                           00000108
CM2CON1                           00000109
COUNT                             00000001
CREN                              00000004
CSRC                              00000007
D                                 00000005
DATA_ADDRESS                      00000005
DC                                00000001
DC1B0                             00000004
DC1B1                             00000005
DC2B0                             00000004
DC2B1                             00000005
DD                                00000004
D_A                               00000005
D_NOT_A                           00000005
ECCPAS                            0000009C
ECCPAS0                           00000004
ECCPAS1                           00000005
ECCPAS2                           00000006
ECCPASE                           00000007
EEADR                             0000010D
EEADRH                            0000010F
EECON1                            0000018C
EECON2                            0000018D
EEDAT                             0000010C
EEDATA                            0000010C
EEDATH                            0000010E
EEIE                              00000004
EEIF                              00000004
EEPGD                             00000007
F                                 00000001
FERR                              00000002
FSR                               00000004
FVREN                             00000000
GCEN                              00000007
GIE                               00000007
GO                                00000001
GO_DONE                           00000001
GO_NOT_DONE                       00000001
HH                                00000000
HTS                               00000002
I2C_DATA                          00000005
I2C_READ                          00000002
I2C_START                         00000003
I2C_STOP                          00000004
I2C_read_loop                     000001A2
I2C_w_loop                        000001F5
I2C_write                         000001E8
INDF                              00000000
INTCON                            0000000B
MPASM  5.51                       RTCTIME.ASM   3-2-2018  18:39:07         PAGE 19


SYMBOL TABLE
  LABEL                             VALUE 

INTE                              00000004
INTEDG                            00000006
INTF                              00000001
IOCB                              00000096
IOCB0                             00000000
IOCB1                             00000001
IOCB2                             00000002
IOCB3                             00000003
IOCB4                             00000004
IOCB5                             00000005
IOCB6                             00000006
IOCB7                             00000007
IRCF0                             00000004
IRCF1                             00000005
IRCF2                             00000006
IRP                               00000007
LTS                               00000001
MC1OUT                            00000007
MC2OUT                            00000006
MM                                00000001
MO                                00000005
MSK                               00000093
MSK0                              00000000
MSK1                              00000001
MSK2                              00000002
MSK3                              00000003
MSK4                              00000004
MSK5                              00000005
MSK6                              00000006
MSK7                              00000007
NOT_A                             00000005
NOT_ADDRESS                       00000005
NOT_BO                            00000000
NOT_BOR                           00000000
NOT_DONE                          00000001
NOT_PD                            00000003
NOT_POR                           00000001
NOT_RBPU                          00000007
NOT_RC8                           00000006
NOT_T1SYNC                        00000002
NOT_TO                            00000004
NOT_TX8                           00000006
NOT_W                             00000002
NOT_WRITE                         00000002
OERR                              00000001
OPTION_REG                        00000081
OSCCON                            0000008F
OSCTUNE                           00000090
OSFIE                             00000007
OSFIF                             00000007
OSTS                              00000003
P                                 00000004
P1M0                              00000006
MPASM  5.51                       RTCTIME.ASM   3-2-2018  18:39:07         PAGE 20


SYMBOL TABLE
  LABEL                             VALUE 

P1M1                              00000007
PCL                               00000002
PCLATH                            0000000A
PCON                              0000008E
PDC0                              00000000
PDC1                              00000001
PDC2                              00000002
PDC3                              00000003
PDC4                              00000004
PDC5                              00000005
PDC6                              00000006
PEIE                              00000006
PEN                               00000002
PIE1                              0000008C
PIE2                              0000008D
PIR1                              0000000C
PIR2                              0000000D
PORTA                             00000005
PORTB                             00000006
PORTC                             00000007
PORTD                             00000008
PORTE                             00000009
PR2                               00000092
PRSEN                             00000007
PS0                               00000000
PS1                               00000001
PS2                               00000002
PSA                               00000003
PSSAC0                            00000002
PSSAC1                            00000003
PSSBD0                            00000000
PSSBD1                            00000001
PSTRCON                           0000009D
PULSR                             00000002
PULSS                             00000003
PWM1CON                           0000009B
R                                 00000002
RA0                               00000000
RA1                               00000001
RA2                               00000002
RA3                               00000003
RA4                               00000004
RA5                               00000005
RA6                               00000006
RA7                               00000007
RB0                               00000000
RB1                               00000001
RB2                               00000002
RB3                               00000003
RB4                               00000004
RB5                               00000005
RB6                               00000006
RB7                               00000007
MPASM  5.51                       RTCTIME.ASM   3-2-2018  18:39:07         PAGE 21


SYMBOL TABLE
  LABEL                             VALUE 

RBIE                              00000003
RBIF                              00000000
RC0                               00000000
RC1                               00000001
RC2                               00000002
RC3                               00000003
RC4                               00000004
RC5                               00000005
RC6                               00000006
RC7                               00000007
RC8_9                             00000006
RC9                               00000006
RCD8                              00000000
RCEN                              00000003
RCIDL                             00000006
RCIE                              00000005
RCIF                              00000005
RCREG                             0000001A
RCSTA                             00000018
RD                                00000000
RD0                               00000000
RD1                               00000001
RD2                               00000002
RD3                               00000003
RD4                               00000004
RD5                               00000005
RD6                               00000006
RD7                               00000007
RE0                               00000000
RE1                               00000001
RE2                               00000002
RE3                               00000003
READ_WRITE                        00000002
RP0                               00000005
RP1                               00000006
RSEN                              00000001
RTC_START                         
RTC_STOP                          
RX9                               00000006
RX9D                              00000000
R_NOT_W                           00000002
R_W                               00000002
ReadDate                          00000082
ReadDayofWeek                     000000BB
ReadRTCData                       00000000
ReadTime                          0000004B
S                                 00000003
SBOREN                            00000004
SCKP                              00000004
SCL                               PORTA,2
SCS                               00000000
SDA                               PORTA,3
SEN                               00000000
MPASM  5.51                       RTCTIME.ASM   3-2-2018  18:39:07         PAGE 22


SYMBOL TABLE
  LABEL                             VALUE 

SENDB                             00000003
SET_BANK0                         
SET_BANK1                         
SMP                               00000007
SPBRG                             00000099
SPBRGH                            0000009A
SPEN                              00000007
SR0                               00000006
SR1                               00000007
SRCON                             00000185
SREN                              00000005
SS                                00000002
SSPADD                            00000093
SSPBUF                            00000013
SSPCON                            00000014
SSPCON2                           00000091
SSPEN                             00000005
SSPIE                             00000003
SSPIF                             00000003
SSPM0                             00000000
SSPM1                             00000001
SSPM2                             00000002
SSPM3                             00000003
SSPMSK                            00000093
SSPOV                             00000006
SSPSTAT                           00000094
STATUS                            00000003
STRA                              00000000
STRB                              00000001
STRC                              00000002
STRD                              00000003
STRSYNC                           00000004
SWDTEN                            00000000
SYNC                              00000004
T0CS                              00000005
T0IE                              00000005
T0IF                              00000002
T0SE                              00000004
T1CKPS0                           00000004
T1CKPS1                           00000005
T1CON                             00000010
T1GINV                            00000007
T1GIV                             00000007
T1GSS                             00000001
T1INSYNC                          00000002
T1OSCEN                           00000003
T1SYNC                            00000002
T2CKPS0                           00000000
T2CKPS1                           00000001
T2CON                             00000012
TMP                               00000000
TMR0                              00000001
TMR0IE                            00000005
MPASM  5.51                       RTCTIME.ASM   3-2-2018  18:39:07         PAGE 23


SYMBOL TABLE
  LABEL                             VALUE 

TMR0IF                            00000002
TMR1                              0000000E
TMR1CS                            00000001
TMR1GE                            00000006
TMR1H                             0000000F
TMR1IE                            00000000
TMR1IF                            00000000
TMR1L                             0000000E
TMR1ON                            00000000
TMR2                              00000011
TMR2IE                            00000001
TMR2IF                            00000001
TMR2ON                            00000002
TOUTPS0                           00000003
TOUTPS1                           00000004
TOUTPS2                           00000005
TOUTPS3                           00000006
TRISA                             00000085
TRISA0                            00000000
TRISA1                            00000001
TRISA2                            00000002
TRISA3                            00000003
TRISA4                            00000004
TRISA5                            00000005
TRISA6                            00000006
TRISA7                            00000007
TRISB                             00000086
TRISB0                            00000000
TRISB1                            00000001
TRISB2                            00000002
TRISB3                            00000003
TRISB4                            00000004
TRISB5                            00000005
TRISB6                            00000006
TRISB7                            00000007
TRISC                             00000087
TRISC0                            00000000
TRISC1                            00000001
TRISC2                            00000002
TRISC3                            00000003
TRISC4                            00000004
TRISC5                            00000005
TRISC6                            00000006
TRISC7                            00000007
TRISD                             00000088
TRISD0                            00000000
TRISD1                            00000001
TRISD2                            00000002
TRISD3                            00000003
TRISD4                            00000004
TRISD5                            00000005
TRISD6                            00000006
TRISD7                            00000007
MPASM  5.51                       RTCTIME.ASM   3-2-2018  18:39:07         PAGE 24


SYMBOL TABLE
  LABEL                             VALUE 

TRISE                             00000089
TRISE0                            00000000
TRISE1                            00000001
TRISE2                            00000002
TRISE3                            00000003
TRIS_SCL                          TRISA,2
TRIS_SDA                          TRISA,3
TRMT                              00000001
TUN0                              00000000
TUN1                              00000001
TUN2                              00000002
TUN3                              00000003
TUN4                              00000004
TX8_9                             00000006
TX9                               00000006
TX9D                              00000000
TXD8                              00000000
TXEN                              00000005
TXIE                              00000004
TXIF                              00000004
TXREG                             00000019
TXSTA                             00000098
UA                                00000001
ULPWUE                            00000005
ULPWUIE                           00000002
ULPWUIF                           00000002
VCFG0                             00000004
VCFG1                             00000005
VR0                               00000000
VR1                               00000001
VR2                               00000002
VR3                               00000003
VRCON                             00000097
VREN                              00000007
VROE                              00000006
VRR                               00000005
VRSS                              00000004
W                                 00000000
WCOL                              00000007
WD                                00000003
WDTCON                            00000105
WDTPS0                            00000001
WDTPS1                            00000002
WDTPS2                            00000003
WDTPS3                            00000004
WPUB                              00000095
WPUB0                             00000000
WPUB1                             00000001
WPUB2                             00000002
WPUB3                             00000003
WPUB4                             00000004
WPUB5                             00000005
WPUB6                             00000006
MPASM  5.51                       RTCTIME.ASM   3-2-2018  18:39:07         PAGE 25


SYMBOL TABLE
  LABEL                             VALUE 

WPUB7                             00000007
WR                                00000001
WREN                              00000002
WRERR                             00000003
WUE                               00000001
WriteDate                         00000148
WriteDayofWeek                    00000170
WriteRTC                          000000EA
WriteTime                         00000120
YY                                00000006
Z                                 00000002
_BOR21V                           00003EFF
_BOR40V                           00003FFF
_BOR4V_BOR21V                     00003EFF
_BOR4V_BOR40V                     00003FFF
_BOREN_NSLEEP                     00003EFF
_BOREN_OFF                        00003CFF
_BOREN_ON                         00003FFF
_BOREN_SBODEN                     00003DFF
_BOR_NSLEEP                       00003EFF
_BOR_OFF                          00003CFF
_BOR_ON                           00003FFF
_BOR_SBODEN                       00003DFF
_CONFIG1                          00002007
_CONFIG2                          00002008
_CPD_OFF                          00003FFF
_CPD_ON                           00003F7F
_CP_OFF                           00003FFF
_CP_ON                            00003FBF
_DEBUG_OFF                        00003FFF
_DEBUG_ON                         00001FFF
_DEVID1                           00002006
_EC_OSC                           00003FFB
_EXTRC                            00003FFF
_EXTRCIO                          00003FFE
_EXTRC_OSC_CLKOUT                 00003FFF
_EXTRC_OSC_NOCLKOUT               00003FFE
_FCMEN_OFF                        000037FF
_FCMEN_ON                         00003FFF
_FOSC_EC                          00003FFB
_FOSC_EXTRC_CLKOUT                00003FFF
_FOSC_EXTRC_NOCLKOUT              00003FFE
_FOSC_HS                          00003FFA
_FOSC_INTRC_CLKOUT                00003FFD
_FOSC_INTRC_NOCLKOUT              00003FFC
_FOSC_LP                          00003FF8
_FOSC_XT                          00003FF9
_HS_OSC                           00003FFA
_IDLOC0                           00002000
_IDLOC1                           00002001
_IDLOC2                           00002002
_IDLOC3                           00002003
_IESO_OFF                         00003BFF
MPASM  5.51                       RTCTIME.ASM   3-2-2018  18:39:07         PAGE 26


SYMBOL TABLE
  LABEL                             VALUE 

_IESO_ON                          00003FFF
_INTOSC                           00003FFD
_INTOSCIO                         00003FFC
_INTRC_OSC_CLKOUT                 00003FFD
_INTRC_OSC_NOCLKOUT               00003FFC
_LP_OSC                           00003FF8
_LVP_OFF                          00002FFF
_LVP_ON                           00003FFF
_MCLRE_OFF                        00003FDF
_MCLRE_ON                         00003FFF
_PWRTE_OFF                        00003FFF
_PWRTE_ON                         00003FEF
_WDTE_OFF                         00003FF7
_WDTE_ON                          00003FFF
_WDT_OFF                          00003FF7
_WDT_ON                           00003FFF
_WRT_1FOURTH                      00003BFF
_WRT_256                          00003DFF
_WRT_HALF                         000039FF
_WRT_OFF                          00003FFF
_XT_OSC                           00003FF9
__16F887                          00000001
__DEBUG                           1
ack                               000001BC
cont_I2C_r                        000001AA
nack                              000001D1
read_RTC                          00000190
set_SDA                           00000223
set_TMP                           000001B8
write_RTC                         000001E5

Errors   :     0
Warnings :     0 reported,     0 suppressed
Messages :    38 reported,     0 suppressed

