MPLINK 4.49, Linker
Linker Map File - Created Wed Feb 21 16:35:48 2018

                                 Section Info
                  Section       Type    Address   Location Size(Bytes)
                ---------  ---------  ---------  ---------  ---------
                   .org_1       code   0x000000    program   0x000002
                   .cinit    romdata   0x000001    program   0x000004
                   .org_2       code   0x000004    program   0x00038c
                    .code       code   0x000800    program   0x000cc2
      .config_2007_SCPA.O       code   0x002007    program   0x000002
      .config_2008_SCPA.O       code   0x002008    program   0x000002
                   .org_0       code   0x002100    program   0x00000e
                   .udata      udata   0x000020       data   0x000045
               .udata_ovr      udata   0x000065       data   0x000005



                              Program Memory Usage 
                               Start         End      
                           ---------   ---------      
                            0x000000    0x000002      
                            0x000004    0x0001c9      
                            0x000800    0x000e60      
                            0x002007    0x002008      
                            0x002100    0x002106      
            2099 out of 8455 program addresses used, program memory utilization is 24%



                              Symbols - Sorted by Name
                     Name    Address   Location    Storage File                     
                ---------  ---------  ---------  --------- ---------                
         ASCII_to_LCDcode   0x000acd    program     static C:\picmicro\ScaleConnect\SCplatform_auto\TM1621LCD.asm
                 BIAS_1_3   0x000a8e    program     static C:\picmicro\ScaleConnect\SCplatform_auto\TM1621LCD.asm
                  COMMAND   0x000a46    program     static C:\picmicro\ScaleConnect\SCplatform_auto\TM1621LCD.asm
                  ClrKoma   0x000960    program     extern C:\picmicro\ScaleConnect\SCplatform_auto\TM1621LCD.asm
     Convert_ASCII_to_LCD   0x0008c5    program     static C:\picmicro\ScaleConnect\SCplatform_auto\TM1621LCD.asm
              Data_to_LCD   0x000886    program     extern C:\picmicro\ScaleConnect\SCplatform_auto\TM1621LCD.asm
            I2C_read_loop   0x000de0    program     static C:\picmicro\ScaleConnect\SCplatform_auto\RTCEEPROM.asm
            I2C_read_loop   0x000cce    program     static C:\picmicro\ScaleConnect\SCplatform_auto\RTCTime.asm
               I2C_w_loop   0x000e2f    program     static C:\picmicro\ScaleConnect\SCplatform_auto\RTCEEPROM.asm
               I2C_w_loop   0x000d21    program     static C:\picmicro\ScaleConnect\SCplatform_auto\RTCTime.asm
                I2C_write   0x000d14    program     static C:\picmicro\ScaleConnect\SCplatform_auto\RTCTime.asm
                I2C_write   0x000e22    program     static C:\picmicro\ScaleConnect\SCplatform_auto\RTCEEPROM.asm
         LCD_Data_Capture   0x000005    program     static C:\picmicro\ScaleConnect\SCplatform_auto\TM1621Capture.inc
       LCD_Data_Duplicate   0x00085f    program     extern C:\picmicro\ScaleConnect\SCplatform_auto\TM1621LCD.asm
       LCD_Data_Recognize   0x000837    program     extern C:\picmicro\ScaleConnect\SCplatform_auto\TM1621Recognize.asm
                  LCD_OFF   0x000aa1    program     extern C:\picmicro\ScaleConnect\SCplatform_auto\TM1621LCD.asm
                   LCD_ON   0x000ab7    program     extern C:\picmicro\ScaleConnect\SCplatform_auto\TM1621LCD.asm
            PrintFirstStr   0x0009ad    program     extern C:\picmicro\ScaleConnect\SCplatform_auto\TM1621LCD.asm
                 PrintMsg   0x000a0e    program     extern C:\picmicro\ScaleConnect\SCplatform_auto\TM1621LCD.asm
           PrintSecondStr   0x0009ce    program     extern C:\picmicro\ScaleConnect\SCplatform_auto\TM1621LCD.asm
                PrintSimb   0x0008b2    program     extern C:\picmicro\ScaleConnect\SCplatform_auto\TM1621LCD.asm
            PrintThirdStr   0x0009ef    program     extern C:\picmicro\ScaleConnect\SCplatform_auto\TM1621LCD.asm
                  RC_256K   0x000a7b    program     static C:\picmicro\ScaleConnect\SCplatform_auto\TM1621LCD.asm
                 ReadADDR   0x000d99    program     extern C:\picmicro\ScaleConnect\SCplatform_auto\RTCEEPROM.asm
                ReadBlock   0x000dcd    program     extern C:\picmicro\ScaleConnect\SCplatform_auto\RTCEEPROM.asm
                 ReadDate   0x000bb6    program     extern C:\picmicro\ScaleConnect\SCplatform_auto\RTCTime.asm
            ReadDayofWeek   0x000be9    program     extern C:\picmicro\ScaleConnect\SCplatform_auto\RTCTime.asm
              ReadRTCData   0x000b48    program     extern C:\picmicro\ScaleConnect\SCplatform_auto\RTCTime.asm
                 ReadTime   0x000b85    program     extern C:\picmicro\ScaleConnect\SCplatform_auto\RTCTime.asm
                SET_BANK0   0x000038    program     static C:\picmicro\ScaleConnect\SCplatform_auto\TM1621Capture.inc
                  SET_ONE   0x000a26    program     static C:\picmicro\ScaleConnect\SCplatform_auto\TM1621LCD.asm
                 SET_ZERO   0x000a12    program     static C:\picmicro\ScaleConnect\SCplatform_auto\TM1621LCD.asm
                   SYS_EN   0x000a66    program     static C:\picmicro\ScaleConnect\SCplatform_auto\TM1621LCD.asm
                  SetKoma   0x000913    program     extern C:\picmicro\ScaleConnect\SCplatform_auto\TM1621LCD.asm
                  TNORMAL   0x000a59    program     static C:\picmicro\ScaleConnect\SCplatform_auto\TM1621LCD.asm
                   TONE4K   0x000a4c    program     static C:\picmicro\ScaleConnect\SCplatform_auto\TM1621LCD.asm
                    WRITE   0x000a3a    program     static C:\picmicro\ScaleConnect\SCplatform_auto\TM1621LCD.asm
                WriteADDR   0x000d75    program     extern C:\picmicro\ScaleConnect\SCplatform_auto\RTCEEPROM.asm
               WriteBlock   0x000d98    program     extern C:\picmicro\ScaleConnect\SCplatform_auto\RTCEEPROM.asm
                WriteDate   0x000c74    program     extern C:\picmicro\ScaleConnect\SCplatform_auto\RTCTime.asm
           WriteDayofWeek   0x000c9c    program     extern C:\picmicro\ScaleConnect\SCplatform_auto\RTCTime.asm
                 WriteRTC   0x000c16    program     extern C:\picmicro\ScaleConnect\SCplatform_auto\RTCTime.asm
                WriteTime   0x000c4c    program     extern C:\picmicro\ScaleConnect\SCplatform_auto\RTCTime.asm
              _.code_002C   0x00086e    program     static C:\picmicro\ScaleConnect\SCplatform_auto\TM1621LCD.asm
              _.code_006B   0x0008ad    program     static C:\picmicro\ScaleConnect\SCplatform_auto\TM1621LCD.asm
              _.code_0073   0x0008b5    program     static C:\picmicro\ScaleConnect\SCplatform_auto\TM1621LCD.asm
              _.code_0090   0x0008d2    program     static C:\picmicro\ScaleConnect\SCplatform_auto\TM1621LCD.asm
              _.code_0178   0x0009ba    program     static C:\picmicro\ScaleConnect\SCplatform_auto\TM1621LCD.asm
              _.code_0199   0x0009db    program     static C:\picmicro\ScaleConnect\SCplatform_auto\TM1621LCD.asm
              _.code_01BA   0x0009fc    program     static C:\picmicro\ScaleConnect\SCplatform_auto\TM1621LCD.asm
              _.code_01D8   0x000a1a    program     static C:\picmicro\ScaleConnect\SCplatform_auto\TM1621LCD.asm
              _.code_01E1   0x000a23    program     static C:\picmicro\ScaleConnect\SCplatform_auto\TM1621LCD.asm
              _.code_01EC   0x000a2e    program     static C:\picmicro\ScaleConnect\SCplatform_auto\TM1621LCD.asm
              _.code_01F5   0x000a37    program     static C:\picmicro\ScaleConnect\SCplatform_auto\TM1621LCD.asm
              _.code_01FE   0x000a40    program     static C:\picmicro\ScaleConnect\SCplatform_auto\TM1621LCD.asm
              _.code_0236   0x000a78    program     static C:\picmicro\ScaleConnect\SCplatform_auto\TM1621LCD.asm
              _.code_0249   0x000a8b    program     static C:\picmicro\ScaleConnect\SCplatform_auto\TM1621LCD.asm
              _.code_025C   0x000a9e    program     static C:\picmicro\ScaleConnect\SCplatform_auto\TM1621LCD.asm
              _.code_0272   0x000ab4    program     static C:\picmicro\ScaleConnect\SCplatform_auto\TM1621LCD.asm
              _.code_0288   0x000aca    program     static C:\picmicro\ScaleConnect\SCplatform_auto\TM1621LCD.asm
             _.org_2_0036   0x000036    program     static C:\picmicro\ScaleConnect\SCplatform_auto\TM1621Capture.inc
             _.org_2_004E   0x00004e    program     static C:\picmicro\ScaleConnect\SCplatform_auto\SCpa.asm
             _.org_2_0058   0x000058    program     static C:\picmicro\ScaleConnect\SCplatform_auto\SCpa.asm
             _.org_2_0061   0x000061    program     static C:\picmicro\ScaleConnect\SCplatform_auto\SCpa.asm
             _.org_2_006A   0x00006a    program     static C:\picmicro\ScaleConnect\SCplatform_auto\SCpa.asm
             _.org_2_0073   0x000073    program     static C:\picmicro\ScaleConnect\SCplatform_auto\SCpa.asm
             _.org_2_007C   0x00007c    program     static C:\picmicro\ScaleConnect\SCplatform_auto\SCpa.asm
             _.org_2_0085   0x000085    program     static C:\picmicro\ScaleConnect\SCplatform_auto\SCpa.asm
             _.org_2_008E   0x00008e    program     static C:\picmicro\ScaleConnect\SCplatform_auto\SCpa.asm
             _.org_2_0096   0x000096    program     static C:\picmicro\ScaleConnect\SCplatform_auto\SCpa.asm
             _.org_2_009B   0x00009b    program     static C:\picmicro\ScaleConnect\SCplatform_auto\SCpa.asm
             _.org_2_00C7   0x0000c7    program     static C:\picmicro\ScaleConnect\SCplatform_auto\SCpa.asm
             _.org_2_00DA   0x0000da    program     static C:\picmicro\ScaleConnect\SCplatform_auto\SCpa.asm
             _.org_2_00ED   0x0000ed    program     static C:\picmicro\ScaleConnect\SCplatform_auto\SCpa.asm
             _.org_2_0100   0x000100    program     static C:\picmicro\ScaleConnect\SCplatform_auto\SCpa.asm
             _.org_2_0113   0x000113    program     static C:\picmicro\ScaleConnect\SCplatform_auto\SCpa.asm
             _.org_2_0126   0x000126    program     static C:\picmicro\ScaleConnect\SCplatform_auto\SCpa.asm
             _.org_2_0139   0x000139    program     static C:\picmicro\ScaleConnect\SCplatform_auto\SCpa.asm
             _.org_2_0161   0x000161    program     static C:\picmicro\ScaleConnect\SCplatform_auto\SCpa.asm
             _.org_2_0197   0x000197    program     static C:\picmicro\ScaleConnect\SCplatform_auto\SCpa.asm
             _.org_2_019C   0x00019c    program     static C:\picmicro\ScaleConnect\SCplatform_auto\SCpa.asm
             _.org_2_01C9   0x0001c9    program     static C:\picmicro\ScaleConnect\SCplatform_auto\SCpa.asm
                      ack   0x000ce8    program     static C:\picmicro\ScaleConnect\SCplatform_auto\RTCTime.asm
                      ack   0x000dfa    program     static C:\picmicro\ScaleConnect\SCplatform_auto\RTCEEPROM.asm
                  cicle70   0x000808    program     static C:\picmicro\ScaleConnect\SCplatform_auto\pauses_20MHz.asm
                  cicle71   0x000806    program     static C:\picmicro\ScaleConnect\SCplatform_auto\pauses_20MHz.asm
                  cicle72   0x000804    program     static C:\picmicro\ScaleConnect\SCplatform_auto\pauses_20MHz.asm
                  cicle80   0x000817    program     static C:\picmicro\ScaleConnect\SCplatform_auto\pauses_20MHz.asm
                  cicle81   0x000815    program     static C:\picmicro\ScaleConnect\SCplatform_auto\pauses_20MHz.asm
                  cicle82   0x000813    program     static C:\picmicro\ScaleConnect\SCplatform_auto\pauses_20MHz.asm
                  cicle90   0x000826    program     static C:\picmicro\ScaleConnect\SCplatform_auto\pauses_20MHz.asm
                  cicle91   0x000824    program     static C:\picmicro\ScaleConnect\SCplatform_auto\pauses_20MHz.asm
                  cicle92   0x000822    program     static C:\picmicro\ScaleConnect\SCplatform_auto\pauses_20MHz.asm
                clr_bufer   0x000039    program     static C:\picmicro\ScaleConnect\SCplatform_auto\TM1621ClrBuf.inc
               cont_I2C_r   0x000cd6    program     static C:\picmicro\ScaleConnect\SCplatform_auto\RTCTime.asm
               cont_I2C_r   0x000de8    program     static C:\picmicro\ScaleConnect\SCplatform_auto\RTCEEPROM.asm
                  ee_read   0x000d53    program     extern C:\picmicro\ScaleConnect\SCplatform_auto\EEPROM.asm
                 ee_write   0x000d62    program     extern C:\picmicro\ScaleConnect\SCplatform_auto\EEPROM.asm
             exit_dw_test   0x00013b    program     static C:\picmicro\ScaleConnect\SCplatform_auto\SCpa.asm
                 exit_int   0x000033    program     static C:\picmicro\ScaleConnect\SCplatform_auto\TM1621Capture.inc
                   initMC   0x00019f    program     static C:\picmicro\ScaleConnect\SCplatform_auto\initMC.inc
                 init_LCD   0x000842    program     extern C:\picmicro\ScaleConnect\SCplatform_auto\TM1621LCD.asm
               its_friday   0x000116    program     static C:\picmicro\ScaleConnect\SCplatform_auto\SCpa.asm
               its_monday   0x0000ca    program     static C:\picmicro\ScaleConnect\SCplatform_auto\SCpa.asm
             its_saturday   0x000129    program     static C:\picmicro\ScaleConnect\SCplatform_auto\SCpa.asm
               its_sunday   0x0000b7    program     static C:\picmicro\ScaleConnect\SCplatform_auto\SCpa.asm
             its_thirsday   0x000103    program     static C:\picmicro\ScaleConnect\SCplatform_auto\SCpa.asm
              its_tuesday   0x0000dd    program     static C:\picmicro\ScaleConnect\SCplatform_auto\SCpa.asm
            its_wednesday   0x0000f0    program     static C:\picmicro\ScaleConnect\SCplatform_auto\SCpa.asm
                 koma_set   0x0008e2    program     extern C:\picmicro\ScaleConnect\SCplatform_auto\TM1621LCD.asm
                koma_set1   0x0008f2    program     static C:\picmicro\ScaleConnect\SCplatform_auto\TM1621LCD.asm
                koma_set2   0x0008fc    program     static C:\picmicro\ScaleConnect\SCplatform_auto\TM1621LCD.asm
                koma_set3   0x000906    program     static C:\picmicro\ScaleConnect\SCplatform_auto\TM1621LCD.asm
                     nack   0x000cfd    program     static C:\picmicro\ScaleConnect\SCplatform_auto\RTCTime.asm
                     nack   0x000e0d    program     static C:\picmicro\ScaleConnect\SCplatform_auto\RTCEEPROM.asm
                nextASCII   0x0008cc    program     static C:\picmicro\ScaleConnect\SCplatform_auto\TM1621LCD.asm
              nextASCII_1   0x0009b4    program     static C:\picmicro\ScaleConnect\SCplatform_auto\TM1621LCD.asm
              nextASCII_2   0x0009d5    program     static C:\picmicro\ScaleConnect\SCplatform_auto\TM1621LCD.asm
              nextASCII_3   0x0009f6    program     static C:\picmicro\ScaleConnect\SCplatform_auto\TM1621LCD.asm
                next_dupl   0x00087f    program     static C:\picmicro\ScaleConnect\SCplatform_auto\TM1621LCD.asm
            next_dupl_bit   0x000874    program     static C:\picmicro\ScaleConnect\SCplatform_auto\TM1621LCD.asm
           next_dupl_byte   0x000872    program     static C:\picmicro\ScaleConnect\SCplatform_auto\TM1621LCD.asm
                next_koma   0x0008ee    program     static C:\picmicro\ScaleConnect\SCplatform_auto\TM1621LCD.asm
             next_lcd_bit   0x000007    program     static C:\picmicro\ScaleConnect\SCplatform_auto\TM1621Capture.inc
            next_lcd_byte   0x000005    program     static C:\picmicro\ScaleConnect\SCplatform_auto\TM1621Capture.inc
                  not_137   0x000841    program     static C:\picmicro\ScaleConnect\SCplatform_auto\TM1621Recognize.asm
                pause_05s   0x00081e    program     extern C:\picmicro\ScaleConnect\SCplatform_auto\pauses_20MHz.asm
                 pause_1s   0x00080f    program     extern C:\picmicro\ScaleConnect\SCplatform_auto\pauses_20MHz.asm
                pause_3us   0x000832    program     extern C:\picmicro\ScaleConnect\SCplatform_auto\pauses_20MHz.asm
                 pause_5s   0x000800    program     extern C:\picmicro\ScaleConnect\SCplatform_auto\pauses_20MHz.asm
                pause_5us   0x00082d    program     extern C:\picmicro\ScaleConnect\SCplatform_auto\pauses_20MHz.asm
             pause_cicle3   0x000834    program     static C:\picmicro\ScaleConnect\SCplatform_auto\pauses_20MHz.asm
             pause_cicle5   0x00082f    program     static C:\picmicro\ScaleConnect\SCplatform_auto\pauses_20MHz.asm
                 read_RTC   0x000cbc    program     static C:\picmicro\ScaleConnect\SCplatform_auto\RTCTime.asm
                 read_RTC   0x000dce    program     static C:\picmicro\ScaleConnect\SCplatform_auto\RTCEEPROM.asm
            send_next_bit   0x000899    program     static C:\picmicro\ScaleConnect\SCplatform_auto\TM1621LCD.asm
           send_next_byte   0x000895    program     static C:\picmicro\ScaleConnect\SCplatform_auto\TM1621LCD.asm
                send_zero   0x0008b0    program     static C:\picmicro\ScaleConnect\SCplatform_auto\TM1621LCD.asm
              send_zero_1   0x000a6b    program     static C:\picmicro\ScaleConnect\SCplatform_auto\TM1621LCD.asm
              send_zero_2   0x000aa6    program     static C:\picmicro\ScaleConnect\SCplatform_auto\TM1621LCD.asm
              send_zero_3   0x000abc    program     static C:\picmicro\ScaleConnect\SCplatform_auto\TM1621LCD.asm
              send_zero_4   0x00088e    program     static C:\picmicro\ScaleConnect\SCplatform_auto\TM1621LCD.asm
                  set_SDA   0x000e5d    program     static C:\picmicro\ScaleConnect\SCplatform_auto\RTCEEPROM.asm
                  set_SDA   0x000d4f    program     static C:\picmicro\ScaleConnect\SCplatform_auto\RTCTime.asm
                  set_TMP   0x000df6    program     static C:\picmicro\ScaleConnect\SCplatform_auto\RTCEEPROM.asm
                  set_TMP   0x000ce4    program     static C:\picmicro\ScaleConnect\SCplatform_auto\RTCTime.asm
                shift_bit   0x00089c    program     static C:\picmicro\ScaleConnect\SCplatform_auto\TM1621LCD.asm
                    start   0x000042    program     static C:\picmicro\ScaleConnect\SCplatform_auto\SCpa.asm
                temp_exit   0x00002f    program     static C:\picmicro\ScaleConnect\SCplatform_auto\TM1621Capture.inc
            test_dupl_bit   0x000877    program     static C:\picmicro\ScaleConnect\SCplatform_auto\TM1621LCD.asm
           test_lcd_bytes   0x00001b    program     static C:\picmicro\ScaleConnect\SCplatform_auto\TM1621Capture.inc
              time_to_LCD   0x000098    program     static C:\picmicro\ScaleConnect\SCplatform_auto\SCpa.asm
                 wait_WR0   0x000007    program     static C:\picmicro\ScaleConnect\SCplatform_auto\TM1621Capture.inc
                 wait_WR1   0x00000b    program     static C:\picmicro\ScaleConnect\SCplatform_auto\TM1621Capture.inc
                       wr   0x000d6f    program     static C:\picmicro\ScaleConnect\SCplatform_auto\EEPROM.asm
                write_RTC   0x000e1f    program     static C:\picmicro\ScaleConnect\SCplatform_auto\RTCEEPROM.asm
                write_RTC   0x000d11    program     static C:\picmicro\ScaleConnect\SCplatform_auto\RTCTime.asm
                zero_dupl   0x000884    program     static C:\picmicro\ScaleConnect\SCplatform_auto\TM1621LCD.asm
                    COUNT   0x000066       data     static C:\picmicro\ScaleConnect\SCplatform_auto\RTCEEPROM.asm
                    COUNT   0x000066       data     static C:\picmicro\ScaleConnect\SCplatform_auto\RTCTime.asm
                       DD   0x00005e       data     extern C:\picmicro\ScaleConnect\SCplatform_auto\RTCTime.asm
             Display_Data   0x000049       data     extern C:\picmicro\ScaleConnect\SCplatform_auto\TM1621LCD.asm
                       HH   0x00005a       data     extern C:\picmicro\ScaleConnect\SCplatform_auto\RTCTime.asm
                  KomaPos   0x000059       data     extern C:\picmicro\ScaleConnect\SCplatform_auto\TM1621LCD.asm
                LCD_bufer   0x000020       data     extern C:\picmicro\ScaleConnect\SCplatform_auto\SCpa.asm
               MEM_ADDR_H   0x000061       data     extern C:\picmicro\ScaleConnect\SCplatform_auto\RTCEEPROM.asm
               MEM_ADDR_L   0x000062       data     extern C:\picmicro\ScaleConnect\SCplatform_auto\RTCEEPROM.asm
                  MEM_LEN   0x000063       data     extern C:\picmicro\ScaleConnect\SCplatform_auto\RTCEEPROM.asm
                       MM   0x00005b       data     extern C:\picmicro\ScaleConnect\SCplatform_auto\RTCTime.asm
                       MO   0x00005f       data     extern C:\picmicro\ScaleConnect\SCplatform_auto\RTCTime.asm
                 R_BUFFER   0x000064       data     extern C:\picmicro\ScaleConnect\SCplatform_auto\RTCEEPROM.asm
                       SS   0x00005c       data     extern C:\picmicro\ScaleConnect\SCplatform_auto\RTCTime.asm
                      TMP   0x000065       data     static C:\picmicro\ScaleConnect\SCplatform_auto\RTCEEPROM.asm
                      TMP   0x000065       data     static C:\picmicro\ScaleConnect\SCplatform_auto\RTCTime.asm
                       WD   0x00005d       data     extern C:\picmicro\ScaleConnect\SCplatform_auto\RTCTime.asm
                       YY   0x000060       data     extern C:\picmicro\ScaleConnect\SCplatform_auto\RTCTime.asm
               bit_buffer   0x000033       data     static C:\picmicro\ScaleConnect\SCplatform_auto\SCpa.asm
                 buf_temp   0x000066       data     static C:\picmicro\ScaleConnect\SCplatform_auto\TM1621LCD.asm
              bufer_count   0x000032       data     extern C:\picmicro\ScaleConnect\SCplatform_auto\SCpa.asm
              byte_buffer   0x000034       data     static C:\picmicro\ScaleConnect\SCplatform_auto\SCpa.asm
                   counta   0x000065       data     static C:\picmicro\ScaleConnect\SCplatform_auto\pauses_20MHz.asm
                   countb   0x000066       data     static C:\picmicro\ScaleConnect\SCplatform_auto\pauses_20MHz.asm
                   countc   0x000067       data     static C:\picmicro\ScaleConnect\SCplatform_auto\pauses_20MHz.asm
                  counter   0x000067       data     static C:\picmicro\ScaleConnect\SCplatform_auto\TM1621LCD.asm
                     koma   0x000046       data     extern C:\picmicro\ScaleConnect\SCplatform_auto\TM1621Recognize.asm
                 loop_cnt   0x000035       data     static C:\picmicro\ScaleConnect\SCplatform_auto\SCpa.asm
                       m5   0x000068       data     static C:\picmicro\ScaleConnect\SCplatform_auto\pauses_20MHz.asm
                   seg1_1   0x000036       data     extern C:\picmicro\ScaleConnect\SCplatform_auto\TM1621Recognize.asm
                   seg1_2   0x000037       data     extern C:\picmicro\ScaleConnect\SCplatform_auto\TM1621Recognize.asm
                   seg1_3   0x000038       data     extern C:\picmicro\ScaleConnect\SCplatform_auto\TM1621Recognize.asm
                   seg1_4   0x000039       data     extern C:\picmicro\ScaleConnect\SCplatform_auto\TM1621Recognize.asm
                   seg1_5   0x00003a       data     extern C:\picmicro\ScaleConnect\SCplatform_auto\TM1621Recognize.asm
                   seg2_1   0x00003b       data     extern C:\picmicro\ScaleConnect\SCplatform_auto\TM1621Recognize.asm
                   seg2_2   0x00003c       data     extern C:\picmicro\ScaleConnect\SCplatform_auto\TM1621Recognize.asm
                   seg2_3   0x00003d       data     extern C:\picmicro\ScaleConnect\SCplatform_auto\TM1621Recognize.asm
                   seg2_4   0x00003e       data     extern C:\picmicro\ScaleConnect\SCplatform_auto\TM1621Recognize.asm
                   seg2_5   0x00003f       data     extern C:\picmicro\ScaleConnect\SCplatform_auto\TM1621Recognize.asm
                   seg3_1   0x000040       data     extern C:\picmicro\ScaleConnect\SCplatform_auto\TM1621Recognize.asm
                   seg3_2   0x000041       data     extern C:\picmicro\ScaleConnect\SCplatform_auto\TM1621Recognize.asm
                   seg3_3   0x000042       data     extern C:\picmicro\ScaleConnect\SCplatform_auto\TM1621Recognize.asm
                   seg3_4   0x000043       data     extern C:\picmicro\ScaleConnect\SCplatform_auto\TM1621Recognize.asm
                   seg3_5   0x000044       data     extern C:\picmicro\ScaleConnect\SCplatform_auto\TM1621Recognize.asm
                   seg3_6   0x000045       data     extern C:\picmicro\ScaleConnect\SCplatform_auto\TM1621Recognize.asm
                 simb_pos   0x000048       data     extern C:\picmicro\ScaleConnect\SCplatform_auto\TM1621LCD.asm
                simb_temp   0x000068       data     static C:\picmicro\ScaleConnect\SCplatform_auto\TM1621LCD.asm
                     temp   0x000065       data     static C:\picmicro\ScaleConnect\SCplatform_auto\TM1621LCD.asm
                    temp2   0x000069       data     static C:\picmicro\ScaleConnect\SCplatform_auto\TM1621LCD.asm



                              Symbols - Sorted by Address
                     Name    Address   Location    Storage File                     
                ---------  ---------  ---------  --------- ---------                
            next_lcd_byte   0x000005    program     static C:\picmicro\ScaleConnect\SCplatform_auto\TM1621Capture.inc
         LCD_Data_Capture   0x000005    program     static C:\picmicro\ScaleConnect\SCplatform_auto\TM1621Capture.inc
                 wait_WR0   0x000007    program     static C:\picmicro\ScaleConnect\SCplatform_auto\TM1621Capture.inc
             next_lcd_bit   0x000007    program     static C:\picmicro\ScaleConnect\SCplatform_auto\TM1621Capture.inc
                 wait_WR1   0x00000b    program     static C:\picmicro\ScaleConnect\SCplatform_auto\TM1621Capture.inc
           test_lcd_bytes   0x00001b    program     static C:\picmicro\ScaleConnect\SCplatform_auto\TM1621Capture.inc
                temp_exit   0x00002f    program     static C:\picmicro\ScaleConnect\SCplatform_auto\TM1621Capture.inc
                 exit_int   0x000033    program     static C:\picmicro\ScaleConnect\SCplatform_auto\TM1621Capture.inc
             _.org_2_0036   0x000036    program     static C:\picmicro\ScaleConnect\SCplatform_auto\TM1621Capture.inc
                SET_BANK0   0x000038    program     static C:\picmicro\ScaleConnect\SCplatform_auto\TM1621Capture.inc
                clr_bufer   0x000039    program     static C:\picmicro\ScaleConnect\SCplatform_auto\TM1621ClrBuf.inc
                    start   0x000042    program     static C:\picmicro\ScaleConnect\SCplatform_auto\SCpa.asm
             _.org_2_004E   0x00004e    program     static C:\picmicro\ScaleConnect\SCplatform_auto\SCpa.asm
             _.org_2_0058   0x000058    program     static C:\picmicro\ScaleConnect\SCplatform_auto\SCpa.asm
             _.org_2_0061   0x000061    program     static C:\picmicro\ScaleConnect\SCplatform_auto\SCpa.asm
             _.org_2_006A   0x00006a    program     static C:\picmicro\ScaleConnect\SCplatform_auto\SCpa.asm
             _.org_2_0073   0x000073    program     static C:\picmicro\ScaleConnect\SCplatform_auto\SCpa.asm
             _.org_2_007C   0x00007c    program     static C:\picmicro\ScaleConnect\SCplatform_auto\SCpa.asm
             _.org_2_0085   0x000085    program     static C:\picmicro\ScaleConnect\SCplatform_auto\SCpa.asm
             _.org_2_008E   0x00008e    program     static C:\picmicro\ScaleConnect\SCplatform_auto\SCpa.asm
             _.org_2_0096   0x000096    program     static C:\picmicro\ScaleConnect\SCplatform_auto\SCpa.asm
              time_to_LCD   0x000098    program     static C:\picmicro\ScaleConnect\SCplatform_auto\SCpa.asm
             _.org_2_009B   0x00009b    program     static C:\picmicro\ScaleConnect\SCplatform_auto\SCpa.asm
               its_sunday   0x0000b7    program     static C:\picmicro\ScaleConnect\SCplatform_auto\SCpa.asm
             _.org_2_00C7   0x0000c7    program     static C:\picmicro\ScaleConnect\SCplatform_auto\SCpa.asm
               its_monday   0x0000ca    program     static C:\picmicro\ScaleConnect\SCplatform_auto\SCpa.asm
             _.org_2_00DA   0x0000da    program     static C:\picmicro\ScaleConnect\SCplatform_auto\SCpa.asm
              its_tuesday   0x0000dd    program     static C:\picmicro\ScaleConnect\SCplatform_auto\SCpa.asm
             _.org_2_00ED   0x0000ed    program     static C:\picmicro\ScaleConnect\SCplatform_auto\SCpa.asm
            its_wednesday   0x0000f0    program     static C:\picmicro\ScaleConnect\SCplatform_auto\SCpa.asm
             _.org_2_0100   0x000100    program     static C:\picmicro\ScaleConnect\SCplatform_auto\SCpa.asm
             its_thirsday   0x000103    program     static C:\picmicro\ScaleConnect\SCplatform_auto\SCpa.asm
             _.org_2_0113   0x000113    program     static C:\picmicro\ScaleConnect\SCplatform_auto\SCpa.asm
               its_friday   0x000116    program     static C:\picmicro\ScaleConnect\SCplatform_auto\SCpa.asm
             _.org_2_0126   0x000126    program     static C:\picmicro\ScaleConnect\SCplatform_auto\SCpa.asm
             its_saturday   0x000129    program     static C:\picmicro\ScaleConnect\SCplatform_auto\SCpa.asm
             _.org_2_0139   0x000139    program     static C:\picmicro\ScaleConnect\SCplatform_auto\SCpa.asm
             exit_dw_test   0x00013b    program     static C:\picmicro\ScaleConnect\SCplatform_auto\SCpa.asm
             _.org_2_0161   0x000161    program     static C:\picmicro\ScaleConnect\SCplatform_auto\SCpa.asm
             _.org_2_0197   0x000197    program     static C:\picmicro\ScaleConnect\SCplatform_auto\SCpa.asm
             _.org_2_019C   0x00019c    program     static C:\picmicro\ScaleConnect\SCplatform_auto\SCpa.asm
                   initMC   0x00019f    program     static C:\picmicro\ScaleConnect\SCplatform_auto\initMC.inc
             _.org_2_01C9   0x0001c9    program     static C:\picmicro\ScaleConnect\SCplatform_auto\SCpa.asm
                 pause_5s   0x000800    program     extern C:\picmicro\ScaleConnect\SCplatform_auto\pauses_20MHz.asm
                  cicle72   0x000804    program     static C:\picmicro\ScaleConnect\SCplatform_auto\pauses_20MHz.asm
                  cicle71   0x000806    program     static C:\picmicro\ScaleConnect\SCplatform_auto\pauses_20MHz.asm
                  cicle70   0x000808    program     static C:\picmicro\ScaleConnect\SCplatform_auto\pauses_20MHz.asm
                 pause_1s   0x00080f    program     extern C:\picmicro\ScaleConnect\SCplatform_auto\pauses_20MHz.asm
                  cicle82   0x000813    program     static C:\picmicro\ScaleConnect\SCplatform_auto\pauses_20MHz.asm
                  cicle81   0x000815    program     static C:\picmicro\ScaleConnect\SCplatform_auto\pauses_20MHz.asm
                  cicle80   0x000817    program     static C:\picmicro\ScaleConnect\SCplatform_auto\pauses_20MHz.asm
                pause_05s   0x00081e    program     extern C:\picmicro\ScaleConnect\SCplatform_auto\pauses_20MHz.asm
                  cicle92   0x000822    program     static C:\picmicro\ScaleConnect\SCplatform_auto\pauses_20MHz.asm
                  cicle91   0x000824    program     static C:\picmicro\ScaleConnect\SCplatform_auto\pauses_20MHz.asm
                  cicle90   0x000826    program     static C:\picmicro\ScaleConnect\SCplatform_auto\pauses_20MHz.asm
                pause_5us   0x00082d    program     extern C:\picmicro\ScaleConnect\SCplatform_auto\pauses_20MHz.asm
             pause_cicle5   0x00082f    program     static C:\picmicro\ScaleConnect\SCplatform_auto\pauses_20MHz.asm
                pause_3us   0x000832    program     extern C:\picmicro\ScaleConnect\SCplatform_auto\pauses_20MHz.asm
             pause_cicle3   0x000834    program     static C:\picmicro\ScaleConnect\SCplatform_auto\pauses_20MHz.asm
       LCD_Data_Recognize   0x000837    program     extern C:\picmicro\ScaleConnect\SCplatform_auto\TM1621Recognize.asm
                  not_137   0x000841    program     static C:\picmicro\ScaleConnect\SCplatform_auto\TM1621Recognize.asm
                 init_LCD   0x000842    program     extern C:\picmicro\ScaleConnect\SCplatform_auto\TM1621LCD.asm
       LCD_Data_Duplicate   0x00085f    program     extern C:\picmicro\ScaleConnect\SCplatform_auto\TM1621LCD.asm
              _.code_002C   0x00086e    program     static C:\picmicro\ScaleConnect\SCplatform_auto\TM1621LCD.asm
           next_dupl_byte   0x000872    program     static C:\picmicro\ScaleConnect\SCplatform_auto\TM1621LCD.asm
            next_dupl_bit   0x000874    program     static C:\picmicro\ScaleConnect\SCplatform_auto\TM1621LCD.asm
            test_dupl_bit   0x000877    program     static C:\picmicro\ScaleConnect\SCplatform_auto\TM1621LCD.asm
                next_dupl   0x00087f    program     static C:\picmicro\ScaleConnect\SCplatform_auto\TM1621LCD.asm
                zero_dupl   0x000884    program     static C:\picmicro\ScaleConnect\SCplatform_auto\TM1621LCD.asm
              Data_to_LCD   0x000886    program     extern C:\picmicro\ScaleConnect\SCplatform_auto\TM1621LCD.asm
              send_zero_4   0x00088e    program     static C:\picmicro\ScaleConnect\SCplatform_auto\TM1621LCD.asm
           send_next_byte   0x000895    program     static C:\picmicro\ScaleConnect\SCplatform_auto\TM1621LCD.asm
            send_next_bit   0x000899    program     static C:\picmicro\ScaleConnect\SCplatform_auto\TM1621LCD.asm
                shift_bit   0x00089c    program     static C:\picmicro\ScaleConnect\SCplatform_auto\TM1621LCD.asm
              _.code_006B   0x0008ad    program     static C:\picmicro\ScaleConnect\SCplatform_auto\TM1621LCD.asm
                send_zero   0x0008b0    program     static C:\picmicro\ScaleConnect\SCplatform_auto\TM1621LCD.asm
                PrintSimb   0x0008b2    program     extern C:\picmicro\ScaleConnect\SCplatform_auto\TM1621LCD.asm
              _.code_0073   0x0008b5    program     static C:\picmicro\ScaleConnect\SCplatform_auto\TM1621LCD.asm
     Convert_ASCII_to_LCD   0x0008c5    program     static C:\picmicro\ScaleConnect\SCplatform_auto\TM1621LCD.asm
                nextASCII   0x0008cc    program     static C:\picmicro\ScaleConnect\SCplatform_auto\TM1621LCD.asm
              _.code_0090   0x0008d2    program     static C:\picmicro\ScaleConnect\SCplatform_auto\TM1621LCD.asm
                 koma_set   0x0008e2    program     extern C:\picmicro\ScaleConnect\SCplatform_auto\TM1621LCD.asm
                next_koma   0x0008ee    program     static C:\picmicro\ScaleConnect\SCplatform_auto\TM1621LCD.asm
                koma_set1   0x0008f2    program     static C:\picmicro\ScaleConnect\SCplatform_auto\TM1621LCD.asm
                koma_set2   0x0008fc    program     static C:\picmicro\ScaleConnect\SCplatform_auto\TM1621LCD.asm
                koma_set3   0x000906    program     static C:\picmicro\ScaleConnect\SCplatform_auto\TM1621LCD.asm
                  SetKoma   0x000913    program     extern C:\picmicro\ScaleConnect\SCplatform_auto\TM1621LCD.asm
                  ClrKoma   0x000960    program     extern C:\picmicro\ScaleConnect\SCplatform_auto\TM1621LCD.asm
            PrintFirstStr   0x0009ad    program     extern C:\picmicro\ScaleConnect\SCplatform_auto\TM1621LCD.asm
              nextASCII_1   0x0009b4    program     static C:\picmicro\ScaleConnect\SCplatform_auto\TM1621LCD.asm
              _.code_0178   0x0009ba    program     static C:\picmicro\ScaleConnect\SCplatform_auto\TM1621LCD.asm
           PrintSecondStr   0x0009ce    program     extern C:\picmicro\ScaleConnect\SCplatform_auto\TM1621LCD.asm
              nextASCII_2   0x0009d5    program     static C:\picmicro\ScaleConnect\SCplatform_auto\TM1621LCD.asm
              _.code_0199   0x0009db    program     static C:\picmicro\ScaleConnect\SCplatform_auto\TM1621LCD.asm
            PrintThirdStr   0x0009ef    program     extern C:\picmicro\ScaleConnect\SCplatform_auto\TM1621LCD.asm
              nextASCII_3   0x0009f6    program     static C:\picmicro\ScaleConnect\SCplatform_auto\TM1621LCD.asm
              _.code_01BA   0x0009fc    program     static C:\picmicro\ScaleConnect\SCplatform_auto\TM1621LCD.asm
                 PrintMsg   0x000a0e    program     extern C:\picmicro\ScaleConnect\SCplatform_auto\TM1621LCD.asm
                 SET_ZERO   0x000a12    program     static C:\picmicro\ScaleConnect\SCplatform_auto\TM1621LCD.asm
              _.code_01D8   0x000a1a    program     static C:\picmicro\ScaleConnect\SCplatform_auto\TM1621LCD.asm
              _.code_01E1   0x000a23    program     static C:\picmicro\ScaleConnect\SCplatform_auto\TM1621LCD.asm
                  SET_ONE   0x000a26    program     static C:\picmicro\ScaleConnect\SCplatform_auto\TM1621LCD.asm
              _.code_01EC   0x000a2e    program     static C:\picmicro\ScaleConnect\SCplatform_auto\TM1621LCD.asm
              _.code_01F5   0x000a37    program     static C:\picmicro\ScaleConnect\SCplatform_auto\TM1621LCD.asm
                    WRITE   0x000a3a    program     static C:\picmicro\ScaleConnect\SCplatform_auto\TM1621LCD.asm
              _.code_01FE   0x000a40    program     static C:\picmicro\ScaleConnect\SCplatform_auto\TM1621LCD.asm
                  COMMAND   0x000a46    program     static C:\picmicro\ScaleConnect\SCplatform_auto\TM1621LCD.asm
                   TONE4K   0x000a4c    program     static C:\picmicro\ScaleConnect\SCplatform_auto\TM1621LCD.asm
                  TNORMAL   0x000a59    program     static C:\picmicro\ScaleConnect\SCplatform_auto\TM1621LCD.asm
                   SYS_EN   0x000a66    program     static C:\picmicro\ScaleConnect\SCplatform_auto\TM1621LCD.asm
              send_zero_1   0x000a6b    program     static C:\picmicro\ScaleConnect\SCplatform_auto\TM1621LCD.asm
              _.code_0236   0x000a78    program     static C:\picmicro\ScaleConnect\SCplatform_auto\TM1621LCD.asm
                  RC_256K   0x000a7b    program     static C:\picmicro\ScaleConnect\SCplatform_auto\TM1621LCD.asm
              _.code_0249   0x000a8b    program     static C:\picmicro\ScaleConnect\SCplatform_auto\TM1621LCD.asm
                 BIAS_1_3   0x000a8e    program     static C:\picmicro\ScaleConnect\SCplatform_auto\TM1621LCD.asm
              _.code_025C   0x000a9e    program     static C:\picmicro\ScaleConnect\SCplatform_auto\TM1621LCD.asm
                  LCD_OFF   0x000aa1    program     extern C:\picmicro\ScaleConnect\SCplatform_auto\TM1621LCD.asm
              send_zero_2   0x000aa6    program     static C:\picmicro\ScaleConnect\SCplatform_auto\TM1621LCD.asm
              _.code_0272   0x000ab4    program     static C:\picmicro\ScaleConnect\SCplatform_auto\TM1621LCD.asm
                   LCD_ON   0x000ab7    program     extern C:\picmicro\ScaleConnect\SCplatform_auto\TM1621LCD.asm
              send_zero_3   0x000abc    program     static C:\picmicro\ScaleConnect\SCplatform_auto\TM1621LCD.asm
              _.code_0288   0x000aca    program     static C:\picmicro\ScaleConnect\SCplatform_auto\TM1621LCD.asm
         ASCII_to_LCDcode   0x000acd    program     static C:\picmicro\ScaleConnect\SCplatform_auto\TM1621LCD.asm
              ReadRTCData   0x000b48    program     extern C:\picmicro\ScaleConnect\SCplatform_auto\RTCTime.asm
                 ReadTime   0x000b85    program     extern C:\picmicro\ScaleConnect\SCplatform_auto\RTCTime.asm
                 ReadDate   0x000bb6    program     extern C:\picmicro\ScaleConnect\SCplatform_auto\RTCTime.asm
            ReadDayofWeek   0x000be9    program     extern C:\picmicro\ScaleConnect\SCplatform_auto\RTCTime.asm
                 WriteRTC   0x000c16    program     extern C:\picmicro\ScaleConnect\SCplatform_auto\RTCTime.asm
                WriteTime   0x000c4c    program     extern C:\picmicro\ScaleConnect\SCplatform_auto\RTCTime.asm
                WriteDate   0x000c74    program     extern C:\picmicro\ScaleConnect\SCplatform_auto\RTCTime.asm
           WriteDayofWeek   0x000c9c    program     extern C:\picmicro\ScaleConnect\SCplatform_auto\RTCTime.asm
                 read_RTC   0x000cbc    program     static C:\picmicro\ScaleConnect\SCplatform_auto\RTCTime.asm
            I2C_read_loop   0x000cce    program     static C:\picmicro\ScaleConnect\SCplatform_auto\RTCTime.asm
               cont_I2C_r   0x000cd6    program     static C:\picmicro\ScaleConnect\SCplatform_auto\RTCTime.asm
                  set_TMP   0x000ce4    program     static C:\picmicro\ScaleConnect\SCplatform_auto\RTCTime.asm
                      ack   0x000ce8    program     static C:\picmicro\ScaleConnect\SCplatform_auto\RTCTime.asm
                     nack   0x000cfd    program     static C:\picmicro\ScaleConnect\SCplatform_auto\RTCTime.asm
                write_RTC   0x000d11    program     static C:\picmicro\ScaleConnect\SCplatform_auto\RTCTime.asm
                I2C_write   0x000d14    program     static C:\picmicro\ScaleConnect\SCplatform_auto\RTCTime.asm
               I2C_w_loop   0x000d21    program     static C:\picmicro\ScaleConnect\SCplatform_auto\RTCTime.asm
                  set_SDA   0x000d4f    program     static C:\picmicro\ScaleConnect\SCplatform_auto\RTCTime.asm
                  ee_read   0x000d53    program     extern C:\picmicro\ScaleConnect\SCplatform_auto\EEPROM.asm
                 ee_write   0x000d62    program     extern C:\picmicro\ScaleConnect\SCplatform_auto\EEPROM.asm
                       wr   0x000d6f    program     static C:\picmicro\ScaleConnect\SCplatform_auto\EEPROM.asm
                WriteADDR   0x000d75    program     extern C:\picmicro\ScaleConnect\SCplatform_auto\RTCEEPROM.asm
               WriteBlock   0x000d98    program     extern C:\picmicro\ScaleConnect\SCplatform_auto\RTCEEPROM.asm
                 ReadADDR   0x000d99    program     extern C:\picmicro\ScaleConnect\SCplatform_auto\RTCEEPROM.asm
                ReadBlock   0x000dcd    program     extern C:\picmicro\ScaleConnect\SCplatform_auto\RTCEEPROM.asm
                 read_RTC   0x000dce    program     static C:\picmicro\ScaleConnect\SCplatform_auto\RTCEEPROM.asm
            I2C_read_loop   0x000de0    program     static C:\picmicro\ScaleConnect\SCplatform_auto\RTCEEPROM.asm
               cont_I2C_r   0x000de8    program     static C:\picmicro\ScaleConnect\SCplatform_auto\RTCEEPROM.asm
                  set_TMP   0x000df6    program     static C:\picmicro\ScaleConnect\SCplatform_auto\RTCEEPROM.asm
                      ack   0x000dfa    program     static C:\picmicro\ScaleConnect\SCplatform_auto\RTCEEPROM.asm
                     nack   0x000e0d    program     static C:\picmicro\ScaleConnect\SCplatform_auto\RTCEEPROM.asm
                write_RTC   0x000e1f    program     static C:\picmicro\ScaleConnect\SCplatform_auto\RTCEEPROM.asm
                I2C_write   0x000e22    program     static C:\picmicro\ScaleConnect\SCplatform_auto\RTCEEPROM.asm
               I2C_w_loop   0x000e2f    program     static C:\picmicro\ScaleConnect\SCplatform_auto\RTCEEPROM.asm
                  set_SDA   0x000e5d    program     static C:\picmicro\ScaleConnect\SCplatform_auto\RTCEEPROM.asm
                LCD_bufer   0x000020       data     extern C:\picmicro\ScaleConnect\SCplatform_auto\SCpa.asm
              bufer_count   0x000032       data     extern C:\picmicro\ScaleConnect\SCplatform_auto\SCpa.asm
               bit_buffer   0x000033       data     static C:\picmicro\ScaleConnect\SCplatform_auto\SCpa.asm
              byte_buffer   0x000034       data     static C:\picmicro\ScaleConnect\SCplatform_auto\SCpa.asm
                 loop_cnt   0x000035       data     static C:\picmicro\ScaleConnect\SCplatform_auto\SCpa.asm
                   seg1_1   0x000036       data     extern C:\picmicro\ScaleConnect\SCplatform_auto\TM1621Recognize.asm
                   seg1_2   0x000037       data     extern C:\picmicro\ScaleConnect\SCplatform_auto\TM1621Recognize.asm
                   seg1_3   0x000038       data     extern C:\picmicro\ScaleConnect\SCplatform_auto\TM1621Recognize.asm
                   seg1_4   0x000039       data     extern C:\picmicro\ScaleConnect\SCplatform_auto\TM1621Recognize.asm
                   seg1_5   0x00003a       data     extern C:\picmicro\ScaleConnect\SCplatform_auto\TM1621Recognize.asm
                   seg2_1   0x00003b       data     extern C:\picmicro\ScaleConnect\SCplatform_auto\TM1621Recognize.asm
                   seg2_2   0x00003c       data     extern C:\picmicro\ScaleConnect\SCplatform_auto\TM1621Recognize.asm
                   seg2_3   0x00003d       data     extern C:\picmicro\ScaleConnect\SCplatform_auto\TM1621Recognize.asm
                   seg2_4   0x00003e       data     extern C:\picmicro\ScaleConnect\SCplatform_auto\TM1621Recognize.asm
                   seg2_5   0x00003f       data     extern C:\picmicro\ScaleConnect\SCplatform_auto\TM1621Recognize.asm
                   seg3_1   0x000040       data     extern C:\picmicro\ScaleConnect\SCplatform_auto\TM1621Recognize.asm
                   seg3_2   0x000041       data     extern C:\picmicro\ScaleConnect\SCplatform_auto\TM1621Recognize.asm
                   seg3_3   0x000042       data     extern C:\picmicro\ScaleConnect\SCplatform_auto\TM1621Recognize.asm
                   seg3_4   0x000043       data     extern C:\picmicro\ScaleConnect\SCplatform_auto\TM1621Recognize.asm
                   seg3_5   0x000044       data     extern C:\picmicro\ScaleConnect\SCplatform_auto\TM1621Recognize.asm
                   seg3_6   0x000045       data     extern C:\picmicro\ScaleConnect\SCplatform_auto\TM1621Recognize.asm
                     koma   0x000046       data     extern C:\picmicro\ScaleConnect\SCplatform_auto\TM1621Recognize.asm
                 simb_pos   0x000048       data     extern C:\picmicro\ScaleConnect\SCplatform_auto\TM1621LCD.asm
             Display_Data   0x000049       data     extern C:\picmicro\ScaleConnect\SCplatform_auto\TM1621LCD.asm
                  KomaPos   0x000059       data     extern C:\picmicro\ScaleConnect\SCplatform_auto\TM1621LCD.asm
                       HH   0x00005a       data     extern C:\picmicro\ScaleConnect\SCplatform_auto\RTCTime.asm
                       MM   0x00005b       data     extern C:\picmicro\ScaleConnect\SCplatform_auto\RTCTime.asm
                       SS   0x00005c       data     extern C:\picmicro\ScaleConnect\SCplatform_auto\RTCTime.asm
                       WD   0x00005d       data     extern C:\picmicro\ScaleConnect\SCplatform_auto\RTCTime.asm
                       DD   0x00005e       data     extern C:\picmicro\ScaleConnect\SCplatform_auto\RTCTime.asm
                       MO   0x00005f       data     extern C:\picmicro\ScaleConnect\SCplatform_auto\RTCTime.asm
                       YY   0x000060       data     extern C:\picmicro\ScaleConnect\SCplatform_auto\RTCTime.asm
               MEM_ADDR_H   0x000061       data     extern C:\picmicro\ScaleConnect\SCplatform_auto\RTCEEPROM.asm
               MEM_ADDR_L   0x000062       data     extern C:\picmicro\ScaleConnect\SCplatform_auto\RTCEEPROM.asm
                  MEM_LEN   0x000063       data     extern C:\picmicro\ScaleConnect\SCplatform_auto\RTCEEPROM.asm
                 R_BUFFER   0x000064       data     extern C:\picmicro\ScaleConnect\SCplatform_auto\RTCEEPROM.asm
                     temp   0x000065       data     static C:\picmicro\ScaleConnect\SCplatform_auto\TM1621LCD.asm
                   counta   0x000065       data     static C:\picmicro\ScaleConnect\SCplatform_auto\pauses_20MHz.asm
                      TMP   0x000065       data     static C:\picmicro\ScaleConnect\SCplatform_auto\RTCTime.asm
                      TMP   0x000065       data     static C:\picmicro\ScaleConnect\SCplatform_auto\RTCEEPROM.asm
                   countb   0x000066       data     static C:\picmicro\ScaleConnect\SCplatform_auto\pauses_20MHz.asm
                 buf_temp   0x000066       data     static C:\picmicro\ScaleConnect\SCplatform_auto\TM1621LCD.asm
                    COUNT   0x000066       data     static C:\picmicro\ScaleConnect\SCplatform_auto\RTCTime.asm
                    COUNT   0x000066       data     static C:\picmicro\ScaleConnect\SCplatform_auto\RTCEEPROM.asm
                  counter   0x000067       data     static C:\picmicro\ScaleConnect\SCplatform_auto\TM1621LCD.asm
                   countc   0x000067       data     static C:\picmicro\ScaleConnect\SCplatform_auto\pauses_20MHz.asm
                       m5   0x000068       data     static C:\picmicro\ScaleConnect\SCplatform_auto\pauses_20MHz.asm
                simb_temp   0x000068       data     static C:\picmicro\ScaleConnect\SCplatform_auto\TM1621LCD.asm
                    temp2   0x000069       data     static C:\picmicro\ScaleConnect\SCplatform_auto\TM1621LCD.asm


